<html>
<body>
<pre>
<h1>礦ision Build Log</h1>
<h2>Tool Versions:</h2>
IDE-Version: μVision V5.14.0.0
Copyright (C) 2015 ARM Ltd and ARM Germany GmbH. All rights reserved.
License Information: ZKW, LY, LIC=GMZI6-D05N5-30VNC-713IW-NW0Z6-6Z2QW
 
Tool Versions:
Toolchain:       MDK-ARM Standard  Version: 5.14.0.0
Toolchain Path:  D:\langya\littlecomputer\keil\ARM\ARMCC\Bin
C Compiler:      Armcc.exe V5.05 update 1 (build 106)
Assembler:       Armasm.exe V5.05 update 1 (build 106)
Linker/Locator:  ArmLink.exe V5.05 update 1 (build 106)
Library Manager: ArmAr.exe V5.05 update 1 (build 106)
Hex Converter:   FromElf.exe V5.05 update 1 (build 106)
CPU DLL:         SARMCM3.DLL V5.14.0.0
Dialog DLL:      DCM.DLL V1.13.1.0
Target DLL:      Segger\JL2CM3.dll V2.99.13.0
Dialog DLL:      TCM.DLL V1.14.4.0
 
<h2>Project:</h2>
D:\langya\FreeRTOS\备份\3、F105 裁判系统移植完毕，代码还需整理\STM32.uvprojx
Project File Date:  07/12/2020

<h2>Output:</h2>
Build target 'STM32_USART1'
assembling startup_stm32f10x_cl.s...
compiling main.c...
compiling stm32f10x_it.c...
compiling can1.c...
compiling can2.c...
compiling usart.c...
compiling led.c...
compiling delay.c...
compiling drv_dma.c...
compiling nvic.c...
compiling remote.c...
compiling pid.c...
compiling algorithmOfCRC.c...
compiling tim.c...
compiling misc.c...
compiling stm32f10x_rcc.c...
compiling stm32f10x_gpio.c...
compiling stm32f10x_can.c...
compiling stm32f10x_tim.c...
compiling stm32f10x_exti.c...
compiling stm32f10x_dma.c...
compiling stm32f10x_usart.c...
compiling stm32f10x_adc.c...
compiling core_cm3.c...
compiling system_stm32f10x.c...
compiling croutine.c...
compiling event_groups.c...
compiling list.c...
compiling queue.c...
compiling tasks.c...
compiling timers.c...
compiling heap_4.c...
compiling port.c...
compiling start_task.c...
compiling state_task.c...
compiling chassis_task.c...
linking...
Program Size: Code=18476 RO-data=1160 RW-data=428 ZI-data=20060  
".\Obj\STM32.axf" - 0 Error(s), 0 Warning(s).

<h2>Collection of Component include folders:</h2>
  D:\langya\FreeRTOS\备份\3、F105 裁判系统移植完毕，代码还需整理\RTE
  D:\langya\littlecomputer\keil\ARM\PACK\Keil\STM32F1xx_DFP\1.0.5\Device\Include

<h2>Collection of Component Files used:</h2>
</pre>
</body>
</html>
