Component: ARM Compiler 5.05 update 1 (build 106) Tool: armlink [4d0efa]

==============================================================================

Section Cross References

    startup_stm32f10x_cl.o(RESET) refers to startup_stm32f10x_cl.o(STACK) for __initial_sp
    startup_stm32f10x_cl.o(RESET) refers to startup_stm32f10x_cl.o(.text) for Reset_Handler
    startup_stm32f10x_cl.o(RESET) refers to stm32f10x_it.o(i.NMI_Handler) for NMI_Handler
    startup_stm32f10x_cl.o(RESET) refers to stm32f10x_it.o(i.HardFault_Handler) for HardFault_Handler
    startup_stm32f10x_cl.o(RESET) refers to stm32f10x_it.o(i.MemManage_Handler) for MemManage_Handler
    startup_stm32f10x_cl.o(RESET) refers to stm32f10x_it.o(i.BusFault_Handler) for BusFault_Handler
    startup_stm32f10x_cl.o(RESET) refers to stm32f10x_it.o(i.UsageFault_Handler) for UsageFault_Handler
    startup_stm32f10x_cl.o(RESET) refers to port.o(.emb_text) for SVC_Handler
    startup_stm32f10x_cl.o(RESET) refers to stm32f10x_it.o(i.DebugMon_Handler) for DebugMon_Handler
    startup_stm32f10x_cl.o(RESET) refers to stm32f10x_it.o(i.SysTick_Handler) for SysTick_Handler
    startup_stm32f10x_cl.o(RESET) refers to can1.o(i.CAN1_TX_IRQHandler) for CAN1_TX_IRQHandler
    startup_stm32f10x_cl.o(RESET) refers to can1.o(i.CAN1_RX0_IRQHandler) for CAN1_RX0_IRQHandler
    startup_stm32f10x_cl.o(RESET) refers to can1.o(i.CAN1_RX1_IRQHandler) for CAN1_RX1_IRQHandler
    startup_stm32f10x_cl.o(RESET) refers to tim.o(i.TIM4_IRQHandler) for TIM4_IRQHandler
    startup_stm32f10x_cl.o(RESET) refers to usart3.o(i.USART3_IRQHandler) for USART3_IRQHandler
    startup_stm32f10x_cl.o(RESET) refers to delay.o(i.TIM6_IRQHandler) for TIM6_IRQHandler
    startup_stm32f10x_cl.o(RESET) refers to delay.o(i.TIM7_IRQHandler) for TIM7_IRQHandler
    startup_stm32f10x_cl.o(RESET) refers to uart4.o(i.DMA2_Channel3_IRQHandler) for DMA2_Channel3_IRQHandler
    startup_stm32f10x_cl.o(RESET) refers to uart4.o(i.DMA2_Channel5_IRQHandler) for DMA2_Channel5_IRQHandler
    startup_stm32f10x_cl.o(RESET) refers to can2.o(i.CAN2_TX_IRQHandler) for CAN2_TX_IRQHandler
    startup_stm32f10x_cl.o(RESET) refers to can2.o(i.CAN2_RX0_IRQHandler) for CAN2_RX0_IRQHandler
    startup_stm32f10x_cl.o(RESET) refers to can2.o(i.CAN2_RX1_IRQHandler) for CAN2_RX1_IRQHandler
    startup_stm32f10x_cl.o(.text) refers to system_stm32f10x_1.o(i.SystemInit) for SystemInit
    startup_stm32f10x_cl.o(.text) refers to entry.o(.ARM.Collect$$$$00000000) for __main
    main.o(i.BSP_init) refers to misc.o(i.NVIC_PriorityGroupConfig) for NVIC_PriorityGroupConfig
    main.o(i.BSP_init) refers to can1.o(i.CAN1_Config) for CAN1_Config
    main.o(i.BSP_init) refers to can2.o(i.CAN2_Config) for CAN2_Config
    main.o(i.BSP_init) refers to tim.o(i.TIM4_Init) for TIM4_Init
    main.o(i.BSP_init) refers to delay.o(i.TIM6_Configration) for TIM6_Configration
    main.o(i.BSP_init) refers to delay.o(i.TIM7_Configration) for TIM7_Configration
    main.o(i.BSP_init) refers to led.o(i.LED_Config) for LED_Config
    main.o(i.BSP_init) refers to usart3.o(i.USART3_Configuration) for USART3_Configuration
    main.o(i.BSP_init) refers to uart4.o(i.UART4_Configuration) for UART4_Configuration
    main.o(i.BSP_init) refers to remote.o(i.rc_reset) for rc_reset
    main.o(i.BSP_init) refers to chassis_task.o(i.chassis_vel_pid_init) for chassis_vel_pid_init
    main.o(i.BSP_init) refers to main.o(.bss) for g_flag
    main.o(i.BSP_init) refers to chassis_task.o(.data) for vx_set
    main.o(i.main) refers to main.o(i.BSP_init) for BSP_init
    main.o(i.main) refers to delay.o(i.delay_ms) for delay_ms
    main.o(i.main) refers to start_task.o(i.startTast) for startTast
    main.o(i.main) refers to tasks.o(i.vTaskStartScheduler) for vTaskStartScheduler
    stm32f10x_it.o(i.SysTick_Handler) refers to port.o(i.xPortSysTickHandler) for xPortSysTickHandler
    system_stm32f10x_1.o(i.SetSysClock) refers to system_stm32f10x_1.o(i.SetSysClockTo72) for SetSysClockTo72
    system_stm32f10x_1.o(i.SystemInit) refers to system_stm32f10x_1.o(i.SetSysClock) for SetSysClock
    chassis_task.o(i.Chassis_mode_static) refers to fflti.o(.text) for __aeabi_i2f
    chassis_task.o(i.Chassis_mode_static) refers to fmul.o(.text) for __aeabi_fmul
    chassis_task.o(i.Chassis_mode_static) refers to fadd.o(.text) for __aeabi_fsub
    chassis_task.o(i.Chassis_mode_static) refers to ffixi.o(.text) for __aeabi_f2iz
    chassis_task.o(i.Chassis_task) refers to chassis_task.o(i.chassis_task) for chassis_task
    chassis_task.o(i.Chassis_task) refers to tasks.o(i.vTaskDelay) for vTaskDelay
    chassis_task.o(i.Chassis_task) refers to tasks.o(i.uxTaskGetStackHighWaterMark) for uxTaskGetStackHighWaterMark
    chassis_task.o(i.Chassis_task) refers to chassis_task.o(.data) for Chassis_high_water
    chassis_task.o(i.chassis_cal) refers to fflti.o(.text) for __aeabi_i2f
    chassis_task.o(i.chassis_cal) refers to pid.o(i.PID_Calc) for PID_Calc
[...]
    FreeRTOS\src\event_groups.c              0x00000000   Number         0  event_groups.o ABSOLUTE
    FreeRTOS\src\list.c                      0x00000000   Number         0  list.o ABSOLUTE
    FreeRTOS\src\queue.c                     0x00000000   Number         0  queue.o ABSOLUTE
    FreeRTOS\src\tasks.c                     0x00000000   Number         0  tasks.o ABSOLUTE
    FreeRTOS\src\timers.c                    0x00000000   Number         0  timers.o ABSOLUTE
    Library\SRC\misc.c                       0x00000000   Number         0  misc.o ABSOLUTE
    Library\SRC\stm32f10x_adc.c              0x00000000   Number         0  stm32f10x_adc.o ABSOLUTE
    Library\SRC\stm32f10x_bkp.c              0x00000000   Number         0  stm32f10x_bkp.o ABSOLUTE
    Library\SRC\stm32f10x_can.c              0x00000000   Number         0  stm32f10x_can.o ABSOLUTE
    Library\SRC\stm32f10x_cec.c              0x00000000   Number         0  stm32f10x_cec.o ABSOLUTE
    Library\SRC\stm32f10x_crc.c              0x00000000   Number         0  stm32f10x_crc.o ABSOLUTE
    Library\SRC\stm32f10x_dac.c              0x00000000   Number         0  stm32f10x_dac.o ABSOLUTE
    Library\SRC\stm32f10x_dbgmcu.c           0x00000000   Number         0  stm32f10x_dbgmcu.o ABSOLUTE
    Library\SRC\stm32f10x_dma.c              0x00000000   Number         0  stm32f10x_dma.o ABSOLUTE
    Library\SRC\stm32f10x_exti.c             0x00000000   Number         0  stm32f10x_exti.o ABSOLUTE
    Library\SRC\stm32f10x_flash.c            0x00000000   Number         0  stm32f10x_flash.o ABSOLUTE
    Library\SRC\stm32f10x_fsmc.c             0x00000000   Number         0  stm32f10x_fsmc.o ABSOLUTE
    Library\SRC\stm32f10x_gpio.c             0x00000000   Number         0  stm32f10x_gpio.o ABSOLUTE
    Library\SRC\stm32f10x_i2c.c              0x00000000   Number         0  stm32f10x_i2c.o ABSOLUTE
    Library\SRC\stm32f10x_iwdg.c             0x00000000   Number         0  stm32f10x_iwdg.o ABSOLUTE
    Library\SRC\stm32f10x_pwr.c              0x00000000   Number         0  stm32f10x_pwr.o ABSOLUTE
    Library\SRC\stm32f10x_rcc.c              0x00000000   Number         0  stm32f10x_rcc.o ABSOLUTE
    Library\SRC\stm32f10x_rtc.c              0x00000000   Number         0  stm32f10x_rtc.o ABSOLUTE
    Library\SRC\stm32f10x_sdio.c             0x00000000   Number         0  stm32f10x_sdio.o ABSOLUTE
    Library\SRC\stm32f10x_spi.c              0x00000000   Number         0  stm32f10x_spi.o ABSOLUTE
    Library\SRC\stm32f10x_tim.c              0x00000000   Number         0  stm32f10x_tim.o ABSOLUTE
    Library\SRC\stm32f10x_usart.c            0x00000000   Number         0  stm32f10x_usart.o ABSOLUTE
    Library\SRC\stm32f10x_wwdg.c             0x00000000   Number         0  stm32f10x_wwdg.o ABSOLUTE
    MyLib\JudgeSend.c                        0x00000000   Number         0  judgesend.o ABSOLUTE
    MyLib\can1.c                             0x00000000   Number         0  can1.o ABSOLUTE
    MyLib\can2.c                             0x00000000   Number         0  can2.o ABSOLUTE
    MyLib\delay.c                            0x00000000   Number         0  delay.o ABSOLUTE
    MyLib\drv_dma.c                          0x00000000   Number         0  drv_dma.o ABSOLUTE
    MyLib\led.c                              0x00000000   Number         0  led.o ABSOLUTE
    MyLib\nvic.c                             0x00000000   Number         0  nvic.o ABSOLUTE
    MyLib\remote.c                           0x00000000   Number         0  remote.o ABSOLUTE
    MyLib\tim.c                              0x00000000   Number         0  tim.o ABSOLUTE
    MyLib\uart4.c                            0x00000000   Number         0  uart4.o ABSOLUTE
    MyLib\uart5.c                            0x00000000   Number         0  uart5.o ABSOLUTE
    MyLib\usart.c                            0x00000000   Number         0  usart.o ABSOLUTE
    MyLib\usart1.c                           0x00000000   Number         0  usart1.o ABSOLUTE
    MyLib\usart2.c                           0x00000000   Number         0  usart2.o ABSOLUTE
    MyLib\usart3.c                           0x00000000   Number         0  usart3.o ABSOLUTE
    TASK\chassis_task.c                      0x00000000   Number         0  chassis_task.o ABSOLUTE
    TASK\start_task.c                        0x00000000   Number         0  start_task.o ABSOLUTE
    TASK\state_task.c                        0x00000000   Number         0  state_task.o ABSOLUTE
    cdrcmple.s                               0x00000000   Number         0  cdrcmple.o ABSOLUTE
    cfcmple.s                                0x00000000   Number         0  cfcmple.o ABSOLUTE
    cfrcmple.s                               0x00000000   Number         0  cfrcmple.o ABSOLUTE
    dc.s                                     0x00000000   Number         0  dc.o ABSOLUTE
    handlers.s                               0x00000000   Number         0  handlers.o ABSOLUTE
    init.s                                   0x00000000   Number         0  init.o ABSOLUTE
    startup\startup_stm32f10x_cl.s           0x00000000   Number         0  startup_stm32f10x_cl.o ABSOLUTE
    user\\core_cm3.c                         0x00000000   Number         0  core_cm3.o ABSOLUTE
    user\core_cm3.c                          0x00000000   Number         0  core_cm3.o ABSOLUTE
    user\main.c                              0x00000000   Number         0  main.o ABSOLUTE
    user\stm32f10x_it.c                      0x00000000   Number         0  stm32f10x_it.o ABSOLUTE
    user\system_stm32f10x.c                  0x00000000   Number         0  system_stm32f10x_1.o ABSOLUTE
    RESET                                    0x08000000   Section      336  startup_stm32f10x_cl.o(RESET)
    .ARM.Collect$$$$00000000                 0x08000150   Section        0  entry.o(.ARM.Collect$$$$00000000)
    .ARM.Collect$$$$00000001                 0x08000150   Section        4  entry2.o(.ARM.Collect$$$$00000001)
    .ARM.Collect$$$$00000004                 0x08000154   Section        4  entry5.o(.ARM.Collect$$$$00000004)
    .ARM.Collect$$$$00000008                 0x08000158   Section        0  entry7b.o(.ARM.Collect$$$$00000008)
    .ARM.Collect$$$$0000000A                 0x08000158   Section        0  entry8b.o(.ARM.Collect$$$$0000000A)
    .ARM.Collect$$$$0000000B                 0x08000158   Section        8  entry9a.o(.ARM.Collect$$$$0000000B)
    .ARM.Collect$$$$0000000D                 0x08000160   Section        0  entry10a.o(.ARM.Collect$$$$0000000D)
    .ARM.Collect$$$$0000000F                 0x08000160   Section        0  entry11a.o(.ARM.Collect$$$$0000000F)
    .ARM.Collect$$$$00002712                 0x08000160   Section        4  entry2.o(.ARM.Collect$$$$00002712)
    __lit__00000000                          0x08000160   Data           4  entry2.o(.ARM.Collect$$$$00002712)
    .emb_text                                0x08000164   Section      150  port.o(.emb_text)
    .text                                    0x080001fc   Section       36  startup_stm32f10x_cl.o(.text)
    .text                                    0x08000220   Section        0  memcpya.o(.text)
    .text                                    0x08000244   Section        0  memseta.o(.text)
    .text                                    0x08000268   Section        0  strlen.o(.text)
    .text                                    0x08000276   Section        0  strcpy.o(.text)
    .text                                    0x08000288   Section        0  fadd.o(.text)
    .text                                    0x08000338   Section        0  fmul.o(.text)
    .text                                    0x0800039c   Section        0  fdiv.o(.text)
    .text                                    0x08000418   Section        0  fflti.o(.text)
    .text                                    0x0800042a   Section        0  ffltui.o(.text)
    .text                                    0x08000434   Section        0  ffixi.o(.text)
    .text                                    0x08000468   Section       20  cfcmple.o(.text)
    .text                                    0x0800047c   Section       20  cfrcmple.o(.text)
    .text                                    0x08000490   Section        0  uidiv.o(.text)
    .text                                    0x080004bc   Section        0  fepilogue.o(.text)
    .text                                    0x080004bc   Section        0  iusefp.o(.text)
    .text                                    0x0800052c   Section       36  init.o(.text)
    .text                                    0x08000550   Section        0  __dczerorl2.o(.text)
    i.BSP_init                               0x080005a8   Section        0  main.o(i.BSP_init)
    i.BusFault_Handler                       0x0800061c   Section        0  stm32f10x_it.o(i.BusFault_Handler)
    i.CAN1_Config                            0x08000620   Section        0  can1.o(i.CAN1_Config)
    i.CAN1_RX0_IRQHandler                    0x08000794   Section        0  can1.o(i.CAN1_RX0_IRQHandler)
    i.CAN1_RX1_IRQHandler                    0x08000820   Section        0  can1.o(i.CAN1_RX1_IRQHandler)
    i.CAN1_TX_IRQHandler                     0x080008ac   Section        0  can1.o(i.CAN1_TX_IRQHandler)
    i.CAN2_Config                            0x080008c8   Section        0  can2.o(i.CAN2_Config)
    i.CAN2_RX0_IRQHandler                    0x08000a30   Section        0  can2.o(i.CAN2_RX0_IRQHandler)
    i.CAN2_RX1_IRQHandler                    0x08000b14   Section        0  can2.o(i.CAN2_RX1_IRQHandler)
    i.CAN2_TX_IRQHandler                     0x08000b84   Section        0  can2.o(i.CAN2_TX_IRQHandler)
    i.CAN_ClearITPendingBit                  0x08000ba0   Section        0  stm32f10x_can.o(i.CAN_ClearITPendingBit)
    i.CAN_DeInit                             0x08000c48   Section        0  stm32f10x_can.o(i.CAN_DeInit)
    i.CAN_FilterInit                         0x08000c80   Section        0  stm32f10x_can.o(i.CAN_FilterInit)
    i.CAN_GetITStatus                        0x08000d88   Section        0  stm32f10x_can.o(i.CAN_GetITStatus)
    i.CAN_ITConfig                           0x08000ea8   Section        0  stm32f10x_can.o(i.CAN_ITConfig)
    i.CAN_Init                               0x08000eba   Section        0  stm32f10x_can.o(i.CAN_Init)
    i.CAN_Receive                            0x08000fce   Section        0  stm32f10x_can.o(i.CAN_Receive)
    i.CAN_StructInit                         0x080010be   Section        0  stm32f10x_can.o(i.CAN_StructInit)
    i.CAN_Transmit                           0x080010de   Section        0  stm32f10x_can.o(i.CAN_Transmit)
    i.CPU_task                               0x08001204   Section        0  start_task.o(i.CPU_task)
    i.Chassis_mode_static                    0x08001244   Section        0  chassis_task.o(i.Chassis_mode_static)
    i.Chassis_task                           0x08001330   Section        0  chassis_task.o(i.Chassis_task)
    i.CheckITStatus                          0x0800134c   Section        0  stm32f10x_can.o(i.CheckITStatus)
    CheckITStatus                            0x0800134d   Thumb Code    18  stm32f10x_can.o(i.CheckITStatus)
    i.Control_State_Get                      0x08001360   Section        0  state_task.o(i.Control_State_Get)
    i.DMA2_Channel3_IRQHandler               0x080013a0   Section        0  uart4.o(i.DMA2_Channel3_IRQHandler)
    i.DMA2_Channel5_IRQHandler               0x080013c4   Section        0  uart4.o(i.DMA2_Channel5_IRQHandler)
    i.DMA_ClearFlag                          0x080013ec   Section        0  stm32f10x_dma.o(i.DMA_ClearFlag)
    i.DMA_ClearITPendingBit                  0x08001408   Section        0  stm32f10x_dma.o(i.DMA_ClearITPendingBit)
    i.DMA_Cmd                                0x08001424   Section        0  stm32f10x_dma.o(i.DMA_Cmd)
    i.DMA_DeInit                             0x0800143c   Section        0  stm32f10x_dma.o(i.DMA_DeInit)
    i.DMA_GetCurrDataCounter                 0x08001588   Section        0  stm32f10x_dma.o(i.DMA_GetCurrDataCounter)
    i.DMA_GetFlagStatus                      0x08001590   Section        0  stm32f10x_dma.o(i.DMA_GetFlagStatus)
    i.DMA_GetITStatus                        0x080015bc   Section        0  stm32f10x_dma.o(i.DMA_GetITStatus)
    i.DMA_ITConfig                           0x080015e8   Section        0  stm32f10x_dma.o(i.DMA_ITConfig)
    i.DMA_Init                               0x080015fa   Section        0  stm32f10x_dma.o(i.DMA_Init)
    i.DMA_SetCurrDataCounter                 0x08001636   Section        0  stm32f10x_dma.o(i.DMA_SetCurrDataCounter)
    i.DebugMon_Handler                       0x0800163a   Section        0  stm32f10x_it.o(i.DebugMon_Handler)
    i.GPIO_Init                              0x0800163c   Section        0  stm32f10x_gpio.o(i.GPIO_Init)
    i.GPIO_PinRemapConfig                    0x08001754   Section        0  stm32f10x_gpio.o(i.GPIO_PinRemapConfig)
    i.GPIO_ResetBits                         0x080017e4   Section        0  stm32f10x_gpio.o(i.GPIO_ResetBits)
    i.GPIO_SetBits                           0x080017e8   Section        0  stm32f10x_gpio.o(i.GPIO_SetBits)
    i.Get_CRC16_Check_Sum                    0x080017ec   Section        0  algorithmofcrc.o(i.Get_CRC16_Check_Sum)
    i.Get_CRC8_Check_Sum                     0x08001820   Section        0  algorithmofcrc.o(i.Get_CRC8_Check_Sum)
    i.HardFault_Handler                      0x08001844   Section        0  stm32f10x_it.o(i.HardFault_Handler)
    i.JudgeBuffReceive                       0x08001848   Section        0  uart4.o(i.JudgeBuffReceive)
    i.LED_Config                             0x080019b8   Section        0  led.o(i.LED_Config)
    i.MemManage_Handler                      0x080019f0   Section        0  stm32f10x_it.o(i.MemManage_Handler)
    i.Mode_Switch_task                       0x080019f4   Section        0  state_task.o(i.Mode_Switch_task)
    i.Motion_Target_Get                      0x08001a10   Section        0  state_task.o(i.Motion_Target_Get)
    i.NMI_Handler                            0x08001b30   Section        0  stm32f10x_it.o(i.NMI_Handler)
    i.NVIC_Config                            0x08001b32   Section        0  nvic.o(i.NVIC_Config)
    i.NVIC_Init                              0x08001b54   Section        0  misc.o(i.NVIC_Init)
    i.NVIC_PriorityGroupConfig               0x08001bc4   Section        0  misc.o(i.NVIC_PriorityGroupConfig)
    i.Offline_Check_task                     0x08001bd8   Section        0  state_task.o(i.Offline_Check_task)
    i.PID_Calc                               0x08001c00   Section        0  pid.o(i.PID_Calc)
    i.RCC_AHBPeriphClockCmd                  0x08001c80   Section        0  stm32f10x_rcc.o(i.RCC_AHBPeriphClockCmd)
    i.RCC_APB1PeriphClockCmd                 0x08001ca0   Section        0  stm32f10x_rcc.o(i.RCC_APB1PeriphClockCmd)
    i.RCC_APB1PeriphResetCmd                 0x08001cc0   Section        0  stm32f10x_rcc.o(i.RCC_APB1PeriphResetCmd)
    i.RCC_APB2PeriphClockCmd                 0x08001ce0   Section        0  stm32f10x_rcc.o(i.RCC_APB2PeriphClockCmd)
    i.RCC_APB2PeriphResetCmd                 0x08001d00   Section        0  stm32f10x_rcc.o(i.RCC_APB2PeriphResetCmd)
    i.RCC_GetClocksFreq                      0x08001d20   Section        0  stm32f10x_rcc.o(i.RCC_GetClocksFreq)
    i.SetSysClock                            0x08001eac   Section        0  system_stm32f10x_1.o(i.SetSysClock)
    SetSysClock                              0x08001ead   Thumb Code     8  system_stm32f10x_1.o(i.SetSysClock)
    i.SetSysClockTo72                        0x08001eb4   Section        0  system_stm32f10x_1.o(i.SetSysClockTo72)
    SetSysClockTo72                          0x08001eb5   Thumb Code   220  system_stm32f10x_1.o(i.SetSysClockTo72)
    i.SysTick_Handler                        0x08001f98   Section        0  stm32f10x_it.o(i.SysTick_Handler)
    i.SystemInit                             0x08001fa0   Section        0  system_stm32f10x_1.o(i.SystemInit)
    i.TIM4_IRQHandler                        0x08001ff0   Section        0  tim.o(i.TIM4_IRQHandler)
    i.TIM4_Init                              0x08002018   Section        0  tim.o(i.TIM4_Init)
    i.TIM6_Configration                      0x08002078   Section        0  delay.o(i.TIM6_Configration)
    i.TIM6_IRQHandler                        0x080020d8   Section        0  delay.o(i.TIM6_IRQHandler)
    i.TIM7_Configration                      0x08002104   Section        0  delay.o(i.TIM7_Configration)
    i.TIM7_IRQHandler                        0x08002160   Section        0  delay.o(i.TIM7_IRQHandler)
    i.TIM_ClearITPendingBit                  0x0800218c   Section        0  stm32f10x_tim.o(i.TIM_ClearITPendingBit)
    i.TIM_Cmd                                0x08002192   Section        0  stm32f10x_tim.o(i.TIM_Cmd)
    i.TIM_GetITStatus                        0x080021aa   Section        0  stm32f10x_tim.o(i.TIM_GetITStatus)
    i.TIM_ITConfig                           0x080021cc   Section        0  stm32f10x_tim.o(i.TIM_ITConfig)
    i.TIM_TimeBaseInit                       0x080021e0   Section        0  stm32f10x_tim.o(i.TIM_TimeBaseInit)
    i.UART4_Configuration                    0x08002284   Section        0  uart4.o(i.UART4_Configuration)
    i.USART3_Configuration                   0x08002410   Section        0  usart3.o(i.USART3_Configuration)
    i.USART3_IRQHandler                      0x08002538   Section        0  usart3.o(i.USART3_IRQHandler)
    i.USART_Cmd                              0x08002598   Section        0  stm32f10x_usart.o(i.USART_Cmd)
    i.USART_DMACmd                           0x080025b0   Section        0  stm32f10x_usart.o(i.USART_DMACmd)
    i.USART_DeInit                           0x080025c4   Section        0  stm32f10x_usart.o(i.USART_DeInit)
    i.USART_GetITStatus                      0x08002660   Section        0  stm32f10x_usart.o(i.USART_GetITStatus)
    i.USART_ITConfig                         0x080026b4   Section        0  stm32f10x_usart.o(i.USART_ITConfig)
    i.USART_Init                             0x08002700   Section        0  stm32f10x_usart.o(i.USART_Init)
    i.UsageFault_Handler                     0x080027d8   Section        0  stm32f10x_it.o(i.UsageFault_Handler)
    i.Verify_CRC16_Check_Sum                 0x080027dc   Section        0  algorithmofcrc.o(i.Verify_CRC16_Check_Sum)
    i.Verify_CRC8_Check_Sum                  0x0800281c   Section        0  algorithmofcrc.o(i.Verify_CRC8_Check_Sum)
    i.__0sprintf$3                           0x08002854   Section        0  printf3.o(i.__0sprintf$3)
    i.__scatterload_copy                     0x0800287c   Section       14  handlers.o(i.__scatterload_copy)
    i.__scatterload_null                     0x0800288a   Section        2  handlers.o(i.__scatterload_null)
    i.__scatterload_zeroinit                 0x0800288c   Section       14  handlers.o(i.__scatterload_zeroinit)
    i._printf_core                           0x0800289c   Section        0  printf3.o(i._printf_core)
    _printf_core                             0x0800289d   Thumb Code   436  printf3.o(i._printf_core)
    i._sputc                                 0x08002a54   Section        0  printf3.o(i._sputc)
    _sputc                                   0x08002a55   Thumb Code    10  printf3.o(i._sputc)
    i.chassis_cal                            0x08002a60   Section        0  chassis_task.o(i.chassis_cal)
    i.chassis_current_send                   0x08002b90   Section        0  can2.o(i.chassis_current_send)
    i.chassis_power_off                      0x08002c5c   Section        0  chassis_task.o(i.chassis_power_off)
    i.chassis_task                           0x08002c6c   Section        0  chassis_task.o(i.chassis_task)
    i.chassis_vel_pid_init                   0x080031ac   Section        0  chassis_task.o(i.chassis_vel_pid_init)
    i.delay_ms                               0x080031fc   Section        0  delay.o(i.delay_ms)
    i.eTaskGetState                          0x08003228   Section        0  tasks.o(i.eTaskGetState)
    i.get_gz                                 0x08003294   Section        0  can2.o(i.get_gz)
    i.get_yaw_angle                          0x080032a0   Section        0  can2.o(i.get_yaw_angle)
    i.key_refresh                            0x080032ac   Section        0  remote.o(i.key_refresh)
    i.key_rising_check                       0x08003334   Section        0  remote.o(i.key_rising_check)
    i.main                                   0x0800337c   Section        0  main.o(i.main)
    i.offline_detect                         0x08003394   Section        0  state_task.o(i.offline_detect)
    i.prvAddCurrentTaskToDelayedList         0x0800344c   Section        0  tasks.o(i.prvAddCurrentTaskToDelayedList)
    prvAddCurrentTaskToDelayedList           0x0800344d   Thumb Code   124  tasks.o(i.prvAddCurrentTaskToDelayedList)
    i.prvAddNewTaskToReadyList               0x080034e4   Section        0  tasks.o(i.prvAddNewTaskToReadyList)
    prvAddNewTaskToReadyList                 0x080034e5   Thumb Code   156  tasks.o(i.prvAddNewTaskToReadyList)
    i.prvCheckTasksWaitingTermination        0x0800359c   Section        0  tasks.o(i.prvCheckTasksWaitingTermination)
    prvCheckTasksWaitingTermination          0x0800359d   Thumb Code    86  tasks.o(i.prvCheckTasksWaitingTermination)
    i.prvDeleteTCB                           0x08003600   Section        0  tasks.o(i.prvDeleteTCB)
    prvDeleteTCB                             0x08003601   Thumb Code    18  tasks.o(i.prvDeleteTCB)
    i.prvHeapInit                            0x08003614   Section        0  heap_4.o(i.prvHeapInit)
    prvHeapInit                              0x08003615   Thumb Code    98  heap_4.o(i.prvHeapInit)
    i.prvIdleTask                            0x08003690   Section        0  tasks.o(i.prvIdleTask)
    prvIdleTask                              0x08003691   Thumb Code    32  tasks.o(i.prvIdleTask)
    i.prvInitialiseNewTask                   0x080036b8   Section        0  tasks.o(i.prvInitialiseNewTask)
    prvInitialiseNewTask                     0x080036b9   Thumb Code   144  tasks.o(i.prvInitialiseNewTask)
    i.prvInitialiseTaskLists                 0x08003748   Section        0  tasks.o(i.prvInitialiseTaskLists)
    prvInitialiseTaskLists                   0x08003749   Thumb Code    70  tasks.o(i.prvInitialiseTaskLists)
    i.prvInsertBlockIntoFreeList             0x080037b0   Section        0  heap_4.o(i.prvInsertBlockIntoFreeList)
    prvInsertBlockIntoFreeList               0x080037b1   Thumb Code    96  heap_4.o(i.prvInsertBlockIntoFreeList)
    i.prvListTasksWithinSingleList           0x08003818   Section        0  tasks.o(i.prvListTasksWithinSingleList)
    prvListTasksWithinSingleList             0x08003819   Thumb Code   106  tasks.o(i.prvListTasksWithinSingleList)
    i.prvResetNextTaskUnblockTime            0x08003884   Section        0  tasks.o(i.prvResetNextTaskUnblockTime)
    prvResetNextTaskUnblockTime              0x08003885   Thumb Code    42  tasks.o(i.prvResetNextTaskUnblockTime)
    i.prvTaskCheckFreeStackSpace             0x080038b8   Section        0  tasks.o(i.prvTaskCheckFreeStackSpace)
    prvTaskCheckFreeStackSpace               0x080038b9   Thumb Code    22  tasks.o(i.prvTaskCheckFreeStackSpace)
    i.prvTaskExitError                       0x080038ce   Section        0  port.o(i.prvTaskExitError)
    prvTaskExitError                         0x080038cf   Thumb Code    22  port.o(i.prvTaskExitError)
    i.prvWriteNameToBuffer                   0x080038e4   Section        0  tasks.o(i.prvWriteNameToBuffer)
    prvWriteNameToBuffer                     0x080038e5   Thumb Code    42  tasks.o(i.prvWriteNameToBuffer)
    i.pvPortMalloc                           0x08003910   Section        0  heap_4.o(i.pvPortMalloc)
    i.pxPortInitialiseStack                  0x080039e0   Section        0  port.o(i.pxPortInitialiseStack)
    i.rc_reset                               0x08003a04   Section        0  remote.o(i.rc_reset)
    i.remote_receive                         0x08003a4c   Section        0  remote.o(i.remote_receive)
    i.startTast                              0x08003b94   Section        0  start_task.o(i.startTast)
    i.start_task                             0x08003bc0   Section        0  start_task.o(i.start_task)
    i.switch_mode                            0x08003c94   Section        0  state_task.o(i.switch_mode)
    i.uxListRemove                           0x08003ca0   Section        0  list.o(i.uxListRemove)
    i.uxTaskGetStackHighWaterMark            0x08003cc8   Section        0  tasks.o(i.uxTaskGetStackHighWaterMark)
    i.uxTaskGetSystemState                   0x08003cf0   Section        0  tasks.o(i.uxTaskGetSystemState)
    i.vListInitialise                        0x08003da8   Section        0  list.o(i.vListInitialise)
    i.vListInitialiseItem                    0x08003dc2   Section        0  list.o(i.vListInitialiseItem)
    i.vListInsert                            0x08003dc8   Section        0  list.o(i.vListInsert)
    i.vListInsertEnd                         0x08003dfc   Section        0  list.o(i.vListInsertEnd)
    i.vPortEnterCritical                     0x08003e14   Section        0  port.o(i.vPortEnterCritical)
    i.vPortExitCritical                      0x08003e38   Section        0  port.o(i.vPortExitCritical)
    i.vPortFree                              0x08003e58   Section        0  heap_4.o(i.vPortFree)
    i.vPortSetupTimerInterrupt               0x08003ea0   Section        0  port.o(i.vPortSetupTimerInterrupt)
    i.vTaskDelay                             0x08003ec0   Section        0  tasks.o(i.vTaskDelay)
    i.vTaskDelete                            0x08003ef4   Section        0  tasks.o(i.vTaskDelete)
    i.vTaskGetInfo                           0x08003fc0   Section        0  tasks.o(i.vTaskGetInfo)
    i.vTaskGetRunTimeStats                   0x08004038   Section        0  tasks.o(i.vTaskGetRunTimeStats)
    i.vTaskList                              0x0800410c   Section        0  tasks.o(i.vTaskList)
    i.vTaskStartScheduler                    0x080041ec   Section        0  tasks.o(i.vTaskStartScheduler)
    i.vTaskSuspendAll                        0x08004258   Section        0  tasks.o(i.vTaskSuspendAll)
    i.vTaskSwitchContext                     0x08004268   Section        0  tasks.o(i.vTaskSwitchContext)
    i.xPortStartScheduler                    0x08004308   Section        0  port.o(i.xPortStartScheduler)
    i.xPortSysTickHandler                    0x0800433c   Section        0  port.o(i.xPortSysTickHandler)
    i.xTaskCreate                            0x08004370   Section        0  tasks.o(i.xTaskCreate)
    i.xTaskIncrementTick                     0x080043d0   Section        0  tasks.o(i.xTaskIncrementTick)
    i.xTaskResumeAll                         0x080044ec   Section        0  tasks.o(i.xTaskResumeAll)
    .constdata                               0x080045d4   Section       20  system_stm32f10x_1.o(.constdata)
    .constdata                               0x080045e8   Section      769  algorithmofcrc.o(.constdata)
    .data                                    0x20000000   Section      136  chassis_task.o(.data)
    .data                                    0x20000088   Section       12  state_task.o(.data)
    .data                                    0x20000094   Section       24  start_task.o(.data)
    StartTask_Handler                        0x20000098   Data           4  start_task.o(.data)
    CPUTask_Handler                          0x2000009c   Data           4  start_task.o(.data)
    ModeSwitchTask_Handler                   0x200000a0   Data           4  start_task.o(.data)
    OfflineCheckTask_Handler                 0x200000a4   Data           4  start_task.o(.data)
    ChassisTask_Handler                      0x200000a8   Data           4  start_task.o(.data)
    .data                                    0x200000ac   Section        4  algorithmofcrc.o(.data)
    .data                                    0x200000b0   Section       23  can1.o(.data)
    .data                                    0x200000c8   Section        8  can2.o(.data)
    .data                                    0x200000d0   Section        8  delay.o(.data)
    .data                                    0x200000d8   Section       26  remote.o(.data)
    .data                                    0x200000f4   Section        4  tim.o(.data)
    .data                                    0x200000f8   Section        4  usart3.o(.data)
    DATA_LENGTH                              0x200000f8   Data           4  usart3.o(.data)
    .data                                    0x200000fc   Section       20  stm32f10x_rcc.o(.data)
    APBAHBPrescTable                         0x200000fc   Data          16  stm32f10x_rcc.o(.data)
    ADCPrescTable                            0x2000010c   Data           4  stm32f10x_rcc.o(.data)
    .data                                    0x20000110   Section       68  tasks.o(.data)
    pxDelayedTaskList                        0x20000114   Data           4  tasks.o(.data)
    pxOverflowDelayedTaskList                0x20000118   Data           4  tasks.o(.data)
    uxDeletedTasksWaitingCleanUp             0x2000011c   Data           4  tasks.o(.data)
    uxCurrentNumberOfTasks                   0x20000120   Data           4  tasks.o(.data)
    xTickCount                               0x20000124   Data           4  tasks.o(.data)
    uxTopReadyPriority                       0x20000128   Data           4  tasks.o(.data)
    xSchedulerRunning                        0x2000012c   Data           4  tasks.o(.data)
    uxPendedTicks                            0x20000130   Data           4  tasks.o(.data)
    xYieldPending                            0x20000134   Data           4  tasks.o(.data)
    xNumOfOverflows                          0x20000138   Data           4  tasks.o(.data)
    uxTaskNumber                             0x2000013c   Data           4  tasks.o(.data)
    xNextTaskUnblockTime                     0x20000140   Data           4  tasks.o(.data)
    xIdleTaskHandle                          0x20000144   Data           4  tasks.o(.data)
    uxSchedulerSuspended                     0x20000148   Data           4  tasks.o(.data)
    ulTaskSwitchedInTime                     0x2000014c   Data           4  tasks.o(.data)
    ulTotalRunTime                           0x20000150   Data           4  tasks.o(.data)
    .data                                    0x20000154   Section       24  heap_4.o(.data)
    xStart                                   0x20000154   Data           8  heap_4.o(.data)
    pxEnd                                    0x2000015c   Data           4  heap_4.o(.data)
    xFreeBytesRemaining                      0x20000160   Data           4  heap_4.o(.data)
    xMinimumEverFreeBytesRemaining           0x20000164   Data           4  heap_4.o(.data)
    xBlockAllocatedBit                       0x20000168   Data           4  heap_4.o(.data)
    .data                                    0x2000016c   Section        4  port.o(.data)
    uxCriticalNesting                        0x2000016c   Data           4  port.o(.data)
    .bss                                     0x20000170   Section       44  main.o(.bss)
    .bss                                     0x2000019c   Section      208  chassis_task.o(.bss)
    .bss                                     0x2000026c   Section       40  can1.o(.bss)
    .bss                                     0x20000294   Section      100  can2.o(.bss)
    .bss                                     0x200002f8   Section      100  remote.o(.bss)
    .bss                                     0x2000035c   Section       18  usart3.o(.bss)
    .bss                                     0x20000370   Section      296  uart4.o(.bss)
    .bss                                     0x20000498   Section      740  tasks.o(.bss)
    pxReadyTasksLists                        0x20000498   Data         640  tasks.o(.bss)
    xDelayedTaskList1                        0x20000718   Data          20  tasks.o(.bss)
    xDelayedTaskList2                        0x2000072c   Data          20  tasks.o(.bss)
    xPendingReadyList                        0x20000740   Data          20  tasks.o(.bss)
    xTasksWaitingTermination                 0x20000754   Data          20  tasks.o(.bss)
    xSuspendedTaskList                       0x20000768   Data          20  tasks.o(.bss)
    .bss                                     0x2000077c   Section    17408  heap_4.o(.bss)
    ucHeap                                   0x2000077c   Data       17408  heap_4.o(.bss)
    STACK                                    0x20004b80   Section     1024  startup_stm32f10x_cl.o(STACK)

    Global Symbols

    Symbol Name                              Value     Ov Type        Size  Object(Section)

    BuildAttributes$$THM_ISAv4$P$D$K$B$S$PE$A:L22UL41UL21$X:L11$S22US41US21$IEEE1$IW$USESV6$~STKCKD$USESV7$~SHL$OTIME$ROPI$EBA8$MICROLIB$REQ8$PRES8$EABIv2 0x00000000   Number         0  anon$$obj.o ABSOLUTE
    __ARM_use_no_argv                        0x00000000   Number         0  main.o ABSOLUTE
    _printf_a                                0x00000000   Number         0  stubs.o ABSOLUTE
    _printf_c                                0x00000000   Number         0  stubs.o ABSOLUTE
    _printf_charcount                        0x00000000   Number         0  stubs.o ABSOLUTE
    _printf_d                                0x00000000   Number         0  stubs.o ABSOLUTE
    _printf_e                                0x00000000   Number         0  stubs.o ABSOLUTE
    _printf_f                                0x00000000   Number         0  stubs.o ABSOLUTE
    _printf_flags                            0x00000000   Number         0  stubs.o ABSOLUTE
    _printf_fp_dec                           0x00000000   Number         0  stubs.o ABSOLUTE
    _printf_fp_hex                           0x00000000   Number         0  stubs.o ABSOLUTE
    _printf_g                                0x00000000   Number         0  stubs.o ABSOLUTE
    _printf_i                                0x00000000   Number         0  stubs.o ABSOLUTE
    _printf_int_dec                          0x00000000   Number         0  stubs.o ABSOLUTE
    _printf_l                                0x00000000   Number         0  stubs.o ABSOLUTE
    _printf_lc                               0x00000000   Number         0  stubs.o ABSOLUTE
    _printf_ll                               0x00000000   Number         0  stubs.o ABSOLUTE
    _printf_lld                              0x00000000   Number         0  stubs.o ABSOLUTE
    _printf_lli                              0x00000000   Number         0  stubs.o ABSOLUTE
    _printf_llo                              0x00000000   Number         0  stubs.o ABSOLUTE
    _printf_llu                              0x00000000   Number         0  stubs.o ABSOLUTE
    _printf_llx                              0x00000000   Number         0  stubs.o ABSOLUTE
    _printf_longlong_dec                     0x00000000   Number         0  stubs.o ABSOLUTE
    _printf_longlong_hex                     0x00000000   Number         0  stubs.o ABSOLUTE
    _printf_longlong_oct                     0x00000000   Number         0  stubs.o ABSOLUTE
    _printf_ls                               0x00000000   Number         0  stubs.o ABSOLUTE
    _printf_mbtowc                           0x00000000   Number         0  stubs.o ABSOLUTE
    _printf_n                                0x00000000   Number         0  stubs.o ABSOLUTE
    _printf_o                                0x00000000   Number         0  stubs.o ABSOLUTE
    _printf_p                                0x00000000   Number         0  stubs.o ABSOLUTE
    _printf_percent                          0x00000000   Number         0  stubs.o ABSOLUTE
    _printf_pre_padding                      0x00000000   Number         0  stubs.o ABSOLUTE
    _printf_return_value                     0x00000000   Number         0  stubs.o ABSOLUTE
    _printf_s                                0x00000000   Number         0  stubs.o ABSOLUTE
    _printf_sizespec                         0x00000000   Number         0  stubs.o ABSOLUTE
    _printf_str                              0x00000000   Number         0  stubs.o ABSOLUTE
    _printf_truncate_signed                  0x00000000   Number         0  stubs.o ABSOLUTE
    _printf_truncate_unsigned                0x00000000   Number         0  stubs.o ABSOLUTE
    _printf_u                                0x00000000   Number         0  stubs.o ABSOLUTE
    _printf_wc                               0x00000000   Number         0  stubs.o ABSOLUTE
    _printf_wctomb                           0x00000000   Number         0  stubs.o ABSOLUTE
    _printf_widthprec                        0x00000000   Number         0  stubs.o ABSOLUTE
    _printf_x                                0x00000000   Number         0  stubs.o ABSOLUTE
    __cpp_initialize__aeabi_                  - Undefined Weak Reference
    __cxa_finalize                            - Undefined Weak Reference
    _clock_init                               - Undefined Weak Reference
    _microlib_exit                            - Undefined Weak Reference
    __Vectors_Size                           0x00000150   Number         0  startup_stm32f10x_cl.o ABSOLUTE
    __Vectors                                0x08000000   Data           4  startup_stm32f10x_cl.o(RESET)
    __Vectors_End                            0x08000150   Data           0  startup_stm32f10x_cl.o(RESET)
    __main                                   0x08000151   Thumb Code     0  entry.o(.ARM.Collect$$$$00000000)
    _main_stk                                0x08000151   Thumb Code     0  entry2.o(.ARM.Collect$$$$00000001)
    _main_scatterload                        0x08000155   Thumb Code     0  entry5.o(.ARM.Collect$$$$00000004)
    __main_after_scatterload                 0x08000159   Thumb Code     0  entry5.o(.ARM.Collect$$$$00000004)
    _main_clock                              0x08000159   Thumb Code     0  entry7b.o(.ARM.Collect$$$$00000008)
    _main_cpp_init                           0x08000159   Thumb Code     0  entry8b.o(.ARM.Collect$$$$0000000A)
    _main_init                               0x08000159   Thumb Code     0  entry9a.o(.ARM.Collect$$$$0000000B)
    __rt_final_cpp                           0x08000161   Thumb Code     0  entry10a.o(.ARM.Collect$$$$0000000D)
    __rt_final_exit                          0x08000161   Thumb Code     0  entry11a.o(.ARM.Collect$$$$0000000F)
    SVC_Handler                              0x08000165   Thumb Code    32  port.o(.emb_text)
    __asm___6_port_c_39a90d8d__prvStartFirstTask 0x08000189   Thumb Code    28  port.o(.emb_text)
    PendSV_Handler                           0x080001a9   Thumb Code    72  port.o(.emb_text)
    vPortGetIPSR                             0x080001f5   Thumb Code     6  port.o(.emb_text)
    Reset_Handler                            0x080001fd   Thumb Code     8  startup_stm32f10x_cl.o(.text)
    ADC1_2_IRQHandler                        0x08000217   Thumb Code     0  startup_stm32f10x_cl.o(.text)
    CAN1_SCE_IRQHandler                      0x08000217   Thumb Code     0  startup_stm32f10x_cl.o(.text)
    CAN2_SCE_IRQHandler                      0x08000217   Thumb Code     0  startup_stm32f10x_cl.o(.text)
    DMA1_Channel1_IRQHandler                 0x08000217   Thumb Code     0  startup_stm32f10x_cl.o(.text)
    DMA1_Channel2_IRQHandler                 0x08000217   Thumb Code     0  startup_stm32f10x_cl.o(.text)
    DMA1_Channel3_IRQHandler                 0x08000217   Thumb Code     0  startup_stm32f10x_cl.o(.text)
    DMA1_Channel4_IRQHandler                 0x08000217   Thumb Code     0  startup_stm32f10x_cl.o(.text)
    DMA1_Channel5_IRQHandler                 0x08000217   Thumb Code     0  startup_stm32f10x_cl.o(.text)
    DMA1_Channel6_IRQHandler                 0x08000217   Thumb Code     0  startup_stm32f10x_cl.o(.text)
    DMA1_Channel7_IRQHandler                 0x08000217   Thumb Code     0  startup_stm32f10x_cl.o(.text)
    DMA2_Channel1_IRQHandler                 0x08000217   Thumb Code     0  startup_stm32f10x_cl.o(.text)
    DMA2_Channel2_IRQHandler                 0x08000217   Thumb Code     0  startup_stm32f10x_cl.o(.text)
    DMA2_Channel4_IRQHandler                 0x08000217   Thumb Code     0  startup_stm32f10x_cl.o(.text)
    ETH_IRQHandler                           0x08000217   Thumb Code     0  startup_stm32f10x_cl.o(.text)
    ETH_WKUP_IRQHandler                      0x08000217   Thumb Code     0  startup_stm32f10x_cl.o(.text)
    EXTI0_IRQHandler                         0x08000217   Thumb Code     0  startup_stm32f10x_cl.o(.text)
    EXTI15_10_IRQHandler                     0x08000217   Thumb Code     0  startup_stm32f10x_cl.o(.text)
    EXTI1_IRQHandler                         0x08000217   Thumb Code     0  startup_stm32f10x_cl.o(.text)
    EXTI2_IRQHandler                         0x08000217   Thumb Code     0  startup_stm32f10x_cl.o(.text)
    EXTI3_IRQHandler                         0x08000217   Thumb Code     0  startup_stm32f10x_cl.o(.text)
    EXTI4_IRQHandler                         0x08000217   Thumb Code     0  startup_stm32f10x_cl.o(.text)
    EXTI9_5_IRQHandler                       0x08000217   Thumb Code     0  startup_stm32f10x_cl.o(.text)
    FLASH_IRQHandler                         0x08000217   Thumb Code     0  startup_stm32f10x_cl.o(.text)
    I2C1_ER_IRQHandler                       0x08000217   Thumb Code     0  startup_stm32f10x_cl.o(.text)
    I2C1_EV_IRQHandler                       0x08000217   Thumb Code     0  startup_stm32f10x_cl.o(.text)
    I2C2_ER_IRQHandler                       0x08000217   Thumb Code     0  startup_stm32f10x_cl.o(.text)
    I2C2_EV_IRQHandler                       0x08000217   Thumb Code     0  startup_stm32f10x_cl.o(.text)
    OTG_FS_IRQHandler                        0x08000217   Thumb Code     0  startup_stm32f10x_cl.o(.text)
    OTG_FS_WKUP_IRQHandler                   0x08000217   Thumb Code     0  startup_stm32f10x_cl.o(.text)
    PVD_IRQHandler                           0x08000217   Thumb Code     0  startup_stm32f10x_cl.o(.text)
    RCC_IRQHandler                           0x08000217   Thumb Code     0  startup_stm32f10x_cl.o(.text)
    RTCAlarm_IRQHandler                      0x08000217   Thumb Code     0  startup_stm32f10x_cl.o(.text)
    RTC_IRQHandler                           0x08000217   Thumb Code     0  startup_stm32f10x_cl.o(.text)
    SPI1_IRQHandler                          0x08000217   Thumb Code     0  startup_stm32f10x_cl.o(.text)
    SPI2_IRQHandler                          0x08000217   Thumb Code     0  startup_stm32f10x_cl.o(.text)
    SPI3_IRQHandler                          0x08000217   Thumb Code     0  startup_stm32f10x_cl.o(.text)
    TAMPER_IRQHandler                        0x08000217   Thumb Code     0  startup_stm32f10x_cl.o(.text)
    TIM1_BRK_IRQHandler                      0x08000217   Thumb Code     0  startup_stm32f10x_cl.o(.text)
    TIM1_CC_IRQHandler                       0x08000217   Thumb Code     0  startup_stm32f10x_cl.o(.text)
    TIM1_TRG_COM_IRQHandler                  0x08000217   Thumb Code     0  startup_stm32f10x_cl.o(.text)
    TIM1_UP_IRQHandler                       0x08000217   Thumb Code     0  startup_stm32f10x_cl.o(.text)
    TIM2_IRQHandler                          0x08000217   Thumb Code     0  startup_stm32f10x_cl.o(.text)
    TIM3_IRQHandler                          0x08000217   Thumb Code     0  startup_stm32f10x_cl.o(.text)
    TIM5_IRQHandler                          0x08000217   Thumb Code     0  startup_stm32f10x_cl.o(.text)
    UART4_IRQHandler                         0x08000217   Thumb Code     0  startup_stm32f10x_cl.o(.text)
    UART5_IRQHandler                         0x08000217   Thumb Code     0  startup_stm32f10x_cl.o(.text)
    USART1_IRQHandler                        0x08000217   Thumb Code     0  startup_stm32f10x_cl.o(.text)
    USART2_IRQHandler                        0x08000217   Thumb Code     0  startup_stm32f10x_cl.o(.text)
    WWDG_IRQHandler                          0x08000217   Thumb Code     0  startup_stm32f10x_cl.o(.text)
    __aeabi_memcpy                           0x08000221   Thumb Code    36  memcpya.o(.text)
    __aeabi_memcpy4                          0x08000221   Thumb Code     0  memcpya.o(.text)
    __aeabi_memcpy8                          0x08000221   Thumb Code     0  memcpya.o(.text)
    __aeabi_memset                           0x08000245   Thumb Code    14  memseta.o(.text)
    __aeabi_memset4                          0x08000245   Thumb Code     0  memseta.o(.text)
    __aeabi_memset8                          0x08000245   Thumb Code     0  memseta.o(.text)
    __aeabi_memclr                           0x08000253   Thumb Code     4  memseta.o(.text)
    __aeabi_memclr4                          0x08000253   Thumb Code     0  memseta.o(.text)
    __aeabi_memclr8                          0x08000253   Thumb Code     0  memseta.o(.text)
    _memset$wrapper                          0x08000257   Thumb Code    18  memseta.o(.text)
    strlen                                   0x08000269   Thumb Code    14  strlen.o(.text)
    strcpy                                   0x08000277   Thumb Code    18  strcpy.o(.text)
    __aeabi_fadd                             0x08000289   Thumb Code   164  fadd.o(.text)
    __aeabi_fsub                             0x0800032d   Thumb Code     6  fadd.o(.text)
    __aeabi_frsub                            0x08000333   Thumb Code     6  fadd.o(.text)
    __aeabi_fmul                             0x08000339   Thumb Code   100  fmul.o(.text)
    __aeabi_fdiv                             0x0800039d   Thumb Code   124  fdiv.o(.text)
    __aeabi_i2f                              0x08000419   Thumb Code    18  fflti.o(.text)
    __aeabi_ui2f                             0x0800042b   Thumb Code    10  ffltui.o(.text)
    __aeabi_f2iz                             0x08000435   Thumb Code    50  ffixi.o(.text)
    __aeabi_cfcmpeq                          0x08000469   Thumb Code     0  cfcmple.o(.text)
    __aeabi_cfcmple                          0x08000469   Thumb Code    20  cfcmple.o(.text)
    __aeabi_cfrcmple                         0x0800047d   Thumb Code    20  cfrcmple.o(.text)
    __aeabi_uidiv                            0x08000491   Thumb Code     0  uidiv.o(.text)
    __aeabi_uidivmod                         0x08000491   Thumb Code    44  uidiv.o(.text)
    __I$use$fp                               0x080004bd   Thumb Code     0  iusefp.o(.text)
    _float_round                             0x080004bd   Thumb Code    18  fepilogue.o(.text)
    _float_epilogue                          0x080004cf   Thumb Code    92  fepilogue.o(.text)
    __scatterload                            0x0800052d   Thumb Code    28  init.o(.text)
    __scatterload_rt2                        0x0800052d   Thumb Code     0  init.o(.text)
    __decompress                             0x08000551   Thumb Code     0  __dczerorl2.o(.text)
    __decompress1                            0x08000551   Thumb Code    86  __dczerorl2.o(.text)
    BSP_init                                 0x080005a9   Thumb Code    82  main.o(i.BSP_init)
    BusFault_Handler                         0x0800061d   Thumb Code     4  stm32f10x_it.o(i.BusFault_Handler)
    CAN1_Config                              0x08000621   Thumb Code   362  can1.o(i.CAN1_Config)
    CAN1_RX0_IRQHandler                      0x08000795   Thumb Code   114  can1.o(i.CAN1_RX0_IRQHandler)
    CAN1_RX1_IRQHandler                      0x08000821   Thumb Code   132  can1.o(i.CAN1_RX1_IRQHandler)
    CAN1_TX_IRQHandler                       0x080008ad   Thumb Code    22  can1.o(i.CAN1_TX_IRQHandler)
    CAN2_Config                              0x080008c9   Thumb Code   350  can2.o(i.CAN2_Config)
    CAN2_RX0_IRQHandler                      0x08000a31   Thumb Code   218  can2.o(i.CAN2_RX0_IRQHandler)
    CAN2_RX1_IRQHandler                      0x08000b15   Thumb Code    88  can2.o(i.CAN2_RX1_IRQHandler)
    CAN2_TX_IRQHandler                       0x08000b85   Thumb Code    22  can2.o(i.CAN2_TX_IRQHandler)
    CAN_ClearITPendingBit                    0x08000ba1   Thumb Code   162  stm32f10x_can.o(i.CAN_ClearITPendingBit)
    CAN_DeInit                               0x08000c49   Thumb Code    50  stm32f10x_can.o(i.CAN_DeInit)
    CAN_FilterInit                           0x08000c81   Thumb Code   258  stm32f10x_can.o(i.CAN_FilterInit)
    CAN_GetITStatus                          0x08000d89   Thumb Code   284  stm32f10x_can.o(i.CAN_GetITStatus)
    CAN_ITConfig                             0x08000ea9   Thumb Code    18  stm32f10x_can.o(i.CAN_ITConfig)
    CAN_Init                                 0x08000ebb   Thumb Code   276  stm32f10x_can.o(i.CAN_Init)
    CAN_Receive                              0x08000fcf   Thumb Code   240  stm32f10x_can.o(i.CAN_Receive)
    CAN_StructInit                           0x080010bf   Thumb Code    32  stm32f10x_can.o(i.CAN_StructInit)
    CAN_Transmit                             0x080010df   Thumb Code   294  stm32f10x_can.o(i.CAN_Transmit)
    CPU_task                                 0x08001205   Thumb Code    58  start_task.o(i.CPU_task)
    Chassis_mode_static                      0x08001245   Thumb Code   228  chassis_task.o(i.Chassis_mode_static)
    Chassis_task                             0x08001331   Thumb Code    24  chassis_task.o(i.Chassis_task)
    Control_State_Get                        0x08001361   Thumb Code    56  state_task.o(i.Control_State_Get)
    DMA2_Channel3_IRQHandler                 0x080013a1   Thumb Code    28  uart4.o(i.DMA2_Channel3_IRQHandler)
    DMA2_Channel5_IRQHandler                 0x080013c5   Thumb Code    32  uart4.o(i.DMA2_Channel5_IRQHandler)
    DMA_ClearFlag                            0x080013ed   Thumb Code    18  stm32f10x_dma.o(i.DMA_ClearFlag)
    DMA_ClearITPendingBit                    0x08001409   Thumb Code    18  stm32f10x_dma.o(i.DMA_ClearITPendingBit)
    DMA_Cmd                                  0x08001425   Thumb Code    24  stm32f10x_dma.o(i.DMA_Cmd)
    DMA_DeInit                               0x0800143d   Thumb Code   324  stm32f10x_dma.o(i.DMA_DeInit)
    DMA_GetCurrDataCounter                   0x08001589   Thumb Code     8  stm32f10x_dma.o(i.DMA_GetCurrDataCounter)
    DMA_GetFlagStatus                        0x08001591   Thumb Code    36  stm32f10x_dma.o(i.DMA_GetFlagStatus)
    DMA_GetITStatus                          0x080015bd   Thumb Code    36  stm32f10x_dma.o(i.DMA_GetITStatus)
    DMA_ITConfig                             0x080015e9   Thumb Code    18  stm32f10x_dma.o(i.DMA_ITConfig)
    DMA_Init                                 0x080015fb   Thumb Code    60  stm32f10x_dma.o(i.DMA_Init)
    DMA_SetCurrDataCounter                   0x08001637   Thumb Code     4  stm32f10x_dma.o(i.DMA_SetCurrDataCounter)
    DebugMon_Handler                         0x0800163b   Thumb Code     2  stm32f10x_it.o(i.DebugMon_Handler)
    GPIO_Init                                0x0800163d   Thumb Code   278  stm32f10x_gpio.o(i.GPIO_Init)
    GPIO_PinRemapConfig                      0x08001755   Thumb Code   138  stm32f10x_gpio.o(i.GPIO_PinRemapConfig)
    GPIO_ResetBits                           0x080017e5   Thumb Code     4  stm32f10x_gpio.o(i.GPIO_ResetBits)
    GPIO_SetBits                             0x080017e9   Thumb Code     4  stm32f10x_gpio.o(i.GPIO_SetBits)
    Get_CRC16_Check_Sum                      0x080017ed   Thumb Code    46  algorithmofcrc.o(i.Get_CRC16_Check_Sum)
    Get_CRC8_Check_Sum                       0x08001821   Thumb Code    30  algorithmofcrc.o(i.Get_CRC8_Check_Sum)
    HardFault_Handler                        0x08001845   Thumb Code     4  stm32f10x_it.o(i.HardFault_Handler)
    JudgeBuffReceive                         0x08001849   Thumb Code   356  uart4.o(i.JudgeBuffReceive)
    LED_Config                               0x080019b9   Thumb Code    50  led.o(i.LED_Config)
    MemManage_Handler                        0x080019f1   Thumb Code     4  stm32f10x_it.o(i.MemManage_Handler)
    Mode_Switch_task                         0x080019f5   Thumb Code    24  state_task.o(i.Mode_Switch_task)
    Motion_Target_Get                        0x08001a11   Thumb Code   280  state_task.o(i.Motion_Target_Get)
    NMI_Handler                              0x08001b31   Thumb Code     2  stm32f10x_it.o(i.NMI_Handler)
    NVIC_Config                              0x08001b33   Thumb Code    34  nvic.o(i.NVIC_Config)
    NVIC_Init                                0x08001b55   Thumb Code   100  misc.o(i.NVIC_Init)
    NVIC_PriorityGroupConfig                 0x08001bc5   Thumb Code    10  misc.o(i.NVIC_PriorityGroupConfig)
    Offline_Check_task                       0x08001bd9   Thumb Code    30  state_task.o(i.Offline_Check_task)
    PID_Calc                                 0x08001c01   Thumb Code   128  pid.o(i.PID_Calc)
    RCC_AHBPeriphClockCmd                    0x08001c81   Thumb Code    26  stm32f10x_rcc.o(i.RCC_AHBPeriphClockCmd)
    RCC_APB1PeriphClockCmd                   0x08001ca1   Thumb Code    26  stm32f10x_rcc.o(i.RCC_APB1PeriphClockCmd)
    RCC_APB1PeriphResetCmd                   0x08001cc1   Thumb Code    26  stm32f10x_rcc.o(i.RCC_APB1PeriphResetCmd)
    RCC_APB2PeriphClockCmd                   0x08001ce1   Thumb Code    26  stm32f10x_rcc.o(i.RCC_APB2PeriphClockCmd)
    RCC_APB2PeriphResetCmd                   0x08001d01   Thumb Code    26  stm32f10x_rcc.o(i.RCC_APB2PeriphResetCmd)
    RCC_GetClocksFreq                        0x08001d21   Thumb Code   374  stm32f10x_rcc.o(i.RCC_GetClocksFreq)
    SysTick_Handler                          0x08001f99   Thumb Code     8  stm32f10x_it.o(i.SysTick_Handler)
    SystemInit                               0x08001fa1   Thumb Code    68  system_stm32f10x_1.o(i.SystemInit)
    TIM4_IRQHandler                          0x08001ff1   Thumb Code    32  tim.o(i.TIM4_IRQHandler)
    TIM4_Init                                0x08002019   Thumb Code    92  tim.o(i.TIM4_Init)
    TIM6_Configration                        0x08002079   Thumb Code    90  delay.o(i.TIM6_Configration)
    TIM6_IRQHandler                          0x080020d9   Thumb Code    34  delay.o(i.TIM6_IRQHandler)
    TIM7_Configration                        0x08002105   Thumb Code    88  delay.o(i.TIM7_Configration)
    TIM7_IRQHandler                          0x08002161   Thumb Code    34  delay.o(i.TIM7_IRQHandler)
    TIM_ClearITPendingBit                    0x0800218d   Thumb Code     6  stm32f10x_tim.o(i.TIM_ClearITPendingBit)
    TIM_Cmd                                  0x08002193   Thumb Code    24  stm32f10x_tim.o(i.TIM_Cmd)
    TIM_GetITStatus                          0x080021ab   Thumb Code    34  stm32f10x_tim.o(i.TIM_GetITStatus)
    TIM_ITConfig                             0x080021cd   Thumb Code    18  stm32f10x_tim.o(i.TIM_ITConfig)
    TIM_TimeBaseInit                         0x080021e1   Thumb Code   122  stm32f10x_tim.o(i.TIM_TimeBaseInit)
    UART4_Configuration                      0x08002285   Thumb Code   376  uart4.o(i.UART4_Configuration)
    USART3_Configuration                     0x08002411   Thumb Code   274  usart3.o(i.USART3_Configuration)
    USART3_IRQHandler                        0x08002539   Thumb Code    78  usart3.o(i.USART3_IRQHandler)
    USART_Cmd                                0x08002599   Thumb Code    24  stm32f10x_usart.o(i.USART_Cmd)
    USART_DMACmd                             0x080025b1   Thumb Code    18  stm32f10x_usart.o(i.USART_DMACmd)
    USART_DeInit                             0x080025c5   Thumb Code   134  stm32f10x_usart.o(i.USART_DeInit)
    USART_GetITStatus                        0x08002661   Thumb Code    84  stm32f10x_usart.o(i.USART_GetITStatus)
    USART_ITConfig                           0x080026b5   Thumb Code    74  stm32f10x_usart.o(i.USART_ITConfig)
    USART_Init                               0x08002701   Thumb Code   210  stm32f10x_usart.o(i.USART_Init)
    UsageFault_Handler                       0x080027d9   Thumb Code     4  stm32f10x_it.o(i.UsageFault_Handler)
    Verify_CRC16_Check_Sum                   0x080027dd   Thumb Code    60  algorithmofcrc.o(i.Verify_CRC16_Check_Sum)
    Verify_CRC8_Check_Sum                    0x0800281d   Thumb Code    50  algorithmofcrc.o(i.Verify_CRC8_Check_Sum)
    __0sprintf$3                             0x08002855   Thumb Code    34  printf3.o(i.__0sprintf$3)
    __1sprintf$3                             0x08002855   Thumb Code     0  printf3.o(i.__0sprintf$3)
    __2sprintf                               0x08002855   Thumb Code     0  printf3.o(i.__0sprintf$3)
    __scatterload_copy                       0x0800287d   Thumb Code    14  handlers.o(i.__scatterload_copy)
    __scatterload_null                       0x0800288b   Thumb Code     2  handlers.o(i.__scatterload_null)
    __scatterload_zeroinit                   0x0800288d   Thumb Code    14  handlers.o(i.__scatterload_zeroinit)
    chassis_cal                              0x08002a61   Thumb Code   288  chassis_task.o(i.chassis_cal)
    chassis_current_send                     0x08002b91   Thumb Code   196  can2.o(i.chassis_current_send)
    chassis_power_off                        0x08002c5d   Thumb Code    16  chassis_task.o(i.chassis_power_off)
    chassis_task                             0x08002c6d   Thumb Code  1306  chassis_task.o(i.chassis_task)
    chassis_vel_pid_init                     0x080031ad   Thumb Code    74  chassis_task.o(i.chassis_vel_pid_init)
    delay_ms                                 0x080031fd   Thumb Code    36  delay.o(i.delay_ms)
    eTaskGetState                            0x08003229   Thumb Code    88  tasks.o(i.eTaskGetState)
    get_gz                                   0x08003295   Thumb Code     6  can2.o(i.get_gz)
    get_yaw_angle                            0x080032a1   Thumb Code     6  can2.o(i.get_yaw_angle)
    key_refresh                              0x080032ad   Thumb Code   128  remote.o(i.key_refresh)
    key_rising_check                         0x08003335   Thumb Code    50  remote.o(i.key_rising_check)
    main                                     0x0800337d   Thumb Code    22  main.o(i.main)
    offline_detect                           0x08003395   Thumb Code   174  state_task.o(i.offline_detect)
    pvPortMalloc                             0x08003911   Thumb Code   188  heap_4.o(i.pvPortMalloc)
    pxPortInitialiseStack                    0x080039e1   Thumb Code    30  port.o(i.pxPortInitialiseStack)
    rc_reset                                 0x08003a05   Thumb Code    68  remote.o(i.rc_reset)
    remote_receive                           0x08003a4d   Thumb Code   320  remote.o(i.remote_receive)
    startTast                                0x08003b95   Thumb Code    24  start_task.o(i.startTast)
    start_task                               0x08003bc1   Thumb Code   108  start_task.o(i.start_task)
    switch_mode                              0x08003c95   Thumb Code    12  state_task.o(i.switch_mode)
    uxListRemove                             0x08003ca1   Thumb Code    40  list.o(i.uxListRemove)
    uxTaskGetStackHighWaterMark              0x08003cc9   Thumb Code    34  tasks.o(i.uxTaskGetStackHighWaterMark)
    uxTaskGetSystemState                     0x08003cf1   Thumb Code   154  tasks.o(i.uxTaskGetSystemState)
    vListInitialise                          0x08003da9   Thumb Code    26  list.o(i.vListInitialise)
    vListInitialiseItem                      0x08003dc3   Thumb Code     6  list.o(i.vListInitialiseItem)
    vListInsert                              0x08003dc9   Thumb Code    52  list.o(i.vListInsert)
    vListInsertEnd                           0x08003dfd   Thumb Code    24  list.o(i.vListInsertEnd)
    vPortEnterCritical                       0x08003e15   Thumb Code    30  port.o(i.vPortEnterCritical)
    vPortExitCritical                        0x08003e39   Thumb Code    28  port.o(i.vPortExitCritical)
    vPortFree                                0x08003e59   Thumb Code    64  heap_4.o(i.vPortFree)
    vPortSetupTimerInterrupt                 0x08003ea1   Thumb Code    26  port.o(i.vPortSetupTimerInterrupt)
    vTaskDelay                               0x08003ec1   Thumb Code    46  tasks.o(i.vTaskDelay)
    vTaskDelete                              0x08003ef5   Thumb Code   166  tasks.o(i.vTaskDelete)
    vTaskGetInfo                             0x08003fc1   Thumb Code   114  tasks.o(i.vTaskGetInfo)
    vTaskGetRunTimeStats                     0x08004039   Thumb Code   182  tasks.o(i.vTaskGetRunTimeStats)
    vTaskList                                0x0800410d   Thumb Code   204  tasks.o(i.vTaskList)
    vTaskStartScheduler                      0x080041ed   Thumb Code    76  tasks.o(i.vTaskStartScheduler)
    vTaskSuspendAll                          0x08004259   Thumb Code    12  tasks.o(i.vTaskSuspendAll)
    vTaskSwitchContext                       0x08004269   Thumb Code   128  tasks.o(i.vTaskSwitchContext)
    xPortStartScheduler                      0x08004309   Thumb Code    42  port.o(i.xPortStartScheduler)
    xPortSysTickHandler                      0x0800433d   Thumb Code    46  port.o(i.xPortSysTickHandler)
    xTaskCreate                              0x08004371   Thumb Code    96  tasks.o(i.xTaskCreate)
    xTaskIncrementTick                       0x080043d1   Thumb Code   238  tasks.o(i.xTaskIncrementTick)
    xTaskResumeAll                           0x080044ed   Thumb Code   196  tasks.o(i.xTaskResumeAll)
    SystemFrequency                          0x080045d4   Data           4  system_stm32f10x_1.o(.constdata)
    SystemFrequency_SysClk                   0x080045d8   Data           4  system_stm32f10x_1.o(.constdata)
    SystemFrequency_AHBClk                   0x080045dc   Data           4  system_stm32f10x_1.o(.constdata)
    SystemFrequency_APB1Clk                  0x080045e0   Data           4  system_stm32f10x_1.o(.constdata)
    SystemFrequency_APB2Clk                  0x080045e4   Data           4  system_stm32f10x_1.o(.constdata)
    wCRC_Table                               0x080045e8   Data         512  algorithmofcrc.o(.constdata)
    CRC8_INIT                                0x080047e8   Data           1  algorithmofcrc.o(.constdata)
    CRC8_TAB                                 0x080047e9   Data         256  algorithmofcrc.o(.constdata)
    Region$$Table$$Base                      0x080048ec   Number         0  anon$$obj.o(Region$$Table)
    Region$$Table$$Limit                     0x0800490c   Number         0  anon$$obj.o(Region$$Table)
    vx                                       0x20000000   Data           4  chassis_task.o(.data)
    vy                                       0x20000004   Data           4  chassis_task.o(.data)
    vw                                       0x20000008   Data           4  chassis_task.o(.data)
    vx_set                                   0x2000000c   Data           4  chassis_task.o(.data)
    vy_set                                   0x20000010   Data           4  chassis_task.o(.data)
    vw_set                                   0x20000014   Data           4  chassis_task.o(.data)
    w_offset_cnt                             0x20000018   Data           4  chassis_task.o(.data)
    w_all_offset                             0x2000001c   Data           4  chassis_task.o(.data)
    key_mode_use_chassis_flag                0x20000020   Data           4  chassis_task.o(.data)
    Chassis_high_water                       0x20000024   Data           4  chassis_task.o(.data)
    chassis_pos_follow_pid                   0x20000028   Data          48  chassis_task.o(.data)
    chassis_vel_follow_pid                   0x20000058   Data          48  chassis_task.o(.data)
    Offline_Check_high_water                 0x20000088   Data           4  state_task.o(.data)
    Mode_Switch_high_water                   0x2000008c   Data           4  state_task.o(.data)
    offline_state                            0x20000090   Data           4  state_task.o(.data)
    CPU_high_water                           0x20000094   Data           4  start_task.o(.data)
    CRC_INIT                                 0x200000ac   Data           2  algorithmofcrc.o(.data)
    sss                                      0x200000ae   Data           2  algorithmofcrc.o(.data)
    lift_switch_flag                         0x200000b0   Data           4  can1.o(.data)
    Data_Receive_from_F103                   0x200000b4   Data           8  can1.o(.data)
    Data2C_tx                                0x200000bc   Data           8  can1.o(.data)
    Laser_Left                               0x200000c4   Data           1  can1.o(.data)
    Laser_Right                              0x200000c5   Data           1  can1.o(.data)
    Laser_Mid                                0x200000c6   Data           1  can1.o(.data)
    yaw_angle                                0x200000c8   Data           4  can2.o(.data)
    gz                                       0x200000cc   Data           4  can2.o(.data)
    delayus_cnt                              0x200000d0   Data           4  delay.o(.data)
    delayms_cnt                              0x200000d4   Data           4  delay.o(.data)
    ctrl_rising_flag                         0x200000d8   Data           2  remote.o(.data)
    shift_rising_flag                        0x200000da   Data           2  remote.o(.data)
    v_rising_flag                            0x200000dc   Data           2  remote.o(.data)
    c_rising_flag                            0x200000de   Data           2  remote.o(.data)
    e_rising_flag                            0x200000e0   Data           2  remote.o(.data)
    x_rising_flag                            0x200000e2   Data           2  remote.o(.data)
    Press_Key_x_Flag                         0x200000e4   Data           2  remote.o(.data)
    f_rising_flag                            0x200000e6   Data           2  remote.o(.data)
    mouse_Press_r_rising_flag                0x200000e8   Data           2  remote.o(.data)
    r_rising_flag                            0x200000ea   Data           2  remote.o(.data)
    z_rising_flag                            0x200000ec   Data           2  remote.o(.data)
    Press_Key_z_Flag                         0x200000ee   Data           2  remote.o(.data)
    g_rising_flag                            0x200000f0   Data           2  remote.o(.data)
    CPU_RunTime                              0x200000f4   Data           4  tim.o(.data)
    pxCurrentTCB                             0x20000110   Data           4  tasks.o(.data)
    g_flag                                   0x20000170   Data          44  main.o(.bss)
    chassis_vel_pid                          0x2000019c   Data         192  chassis_task.o(.bss)
    test_chassis_current                     0x2000025c   Data          16  chassis_task.o(.bss)
    forklift_motor                           0x2000026c   Data          40  can1.o(.bss)
    chassis_motor                            0x20000294   Data          80  can2.o(.bss)
    rx_message_1                             0x200002e4   Data          20  can2.o(.bss)
    rc_ctrl                                  0x200002f8   Data          50  remote.o(.bss)
    rc_ctrl_last                             0x2000032a   Data          50  remote.o(.bss)
    uart3_RxBuffer                           0x2000035c   Data          18  usart3.o(.bss)
    JudgeReceiveBuffer                       0x20000370   Data          45  uart4.o(.bss)
    JudgeSend                                0x2000039d   Data         128  uart4.o(.bss)
    SaveBuffer                               0x2000041d   Data          90  uart4.o(.bss)
    JudgeReceive                             0x20000478   Data          32  uart4.o(.bss)
    __initial_sp                             0x20004f80   Data           0  startup_stm32f10x_cl.o(STACK)



==============================================================================

Memory Map of the image

  Image Entry point : 0x08000151

  Load Region LR_IROM1 (Base: 0x08000000, Size: 0x00004a7c, Max: 0x00020000, ABSOLUTE, COMPRESSED[0x00004940])

    Execution Region ER_IROM1 (Base: 0x08000000, Size: 0x0000490c, Max: 0x00020000, ABSOLUTE)

    Base Addr    Size         Type   Attr      Idx    E Section Name        Object

    0x08000000   0x00000150   Data   RO            3    RESET               startup_stm32f10x_cl.o
    0x08000150   0x00000000   Code   RO         4733  * .ARM.Collect$$$$00000000  mc_w.l(entry.o)
    0x08000150   0x00000004   Code   RO         5023    .ARM.Collect$$$$00000001  mc_w.l(entry2.o)
    0x08000154   0x00000004   Code   RO         5026    .ARM.Collect$$$$00000004  mc_w.l(entry5.o)
    0x08000158   0x00000000   Code   RO         5028    .ARM.Collect$$$$00000008  mc_w.l(entry7b.o)
    0x08000158   0x00000000   Code   RO         5030    .ARM.Collect$$$$0000000A  mc_w.l(entry8b.o)
    0x08000158   0x00000008   Code   RO         5031    .ARM.Collect$$$$0000000B  mc_w.l(entry9a.o)
    0x08000160   0x00000000   Code   RO         5033    .ARM.Collect$$$$0000000D  mc_w.l(entry10a.o)
    0x08000160   0x00000000   Code   RO         5035    .ARM.Collect$$$$0000000F  mc_w.l(entry11a.o)
    0x08000160   0x00000004   Code   RO         5024    .ARM.Collect$$$$00002712  mc_w.l(entry2.o)
    0x08000164   0x00000096   Code   RO         4662    .emb_text           port.o
    0x080001fa   0x00000002   PAD
    0x080001fc   0x00000024   Code   RO            4    .text               startup_stm32f10x_cl.o
    0x08000220   0x00000024   Code   RO         4736    .text               mc_w.l(memcpya.o)
    0x08000244   0x00000024   Code   RO         4738    .text               mc_w.l(memseta.o)
    0x08000268   0x0000000e   Code   RO         4740    .text               mc_w.l(strlen.o)
    0x08000276   0x00000012   Code   RO         4742    .text               mc_w.l(strcpy.o)
    0x08000288   0x000000b0   Code   RO         5007    .text               mf_w.l(fadd.o)
    0x08000338   0x00000064   Code   RO         5009    .text               mf_w.l(fmul.o)
    0x0800039c   0x0000007c   Code   RO         5011    .text               mf_w.l(fdiv.o)
    0x08000418   0x00000012   Code   RO         5013    .text               mf_w.l(fflti.o)
    0x0800042a   0x0000000a   Code   RO         5015    .text               mf_w.l(ffltui.o)
    0x08000434   0x00000032   Code   RO         5017    .text               mf_w.l(ffixi.o)
    0x08000466   0x00000002   PAD
    0x08000468   0x00000014   Code   RO         5019    .text               mf_w.l(cfcmple.o)
    0x0800047c   0x00000014   Code   RO         5021    .text               mf_w.l(cfrcmple.o)
    0x08000490   0x0000002c   Code   RO         5040    .text               mc_w.l(uidiv.o)
    0x080004bc   0x00000000   Code   RO         5044    .text               mc_w.l(iusefp.o)
    0x080004bc   0x0000006e   Code   RO         5045    .text               mf_w.l(fepilogue.o)
    0x0800052a   0x00000002   PAD
    0x0800052c   0x00000024   Code   RO         5057    .text               mc_w.l(init.o)
    0x08000550   0x00000056   Code   RO         5077    .text               mc_w.l(__dczerorl2.o)
    0x080005a6   0x00000002   PAD
    0x080005a8   0x00000074   Code   RO           10    i.BSP_init          main.o
    0x0800061c   0x00000004   Code   RO          181    i.BusFault_Handler  stm32f10x_it.o
    0x08000620   0x00000174   Code   RO          503    i.CAN1_Config       can1.o
    0x08000794   0x0000008c   Code   RO          504    i.CAN1_RX0_IRQHandler  can1.o
    0x08000820   0x0000008c   Code   RO          505    i.CAN1_RX1_IRQHandler  can1.o
    0x080008ac   0x0000001c   Code   RO          506    i.CAN1_TX_IRQHandler  can1.o
    0x080008c8   0x00000168   Code   RO          558    i.CAN2_Config       can2.o
    0x08000a30   0x000000e4   Code   RO          559    i.CAN2_RX0_IRQHandler  can2.o
    0x08000b14   0x00000070   Code   RO          560    i.CAN2_RX1_IRQHandler  can2.o
    0x08000b84   0x0000001c   Code   RO          561    i.CAN2_TX_IRQHandler  can2.o
    0x08000ba0   0x000000a8   Code   RO         1152    i.CAN_ClearITPendingBit  stm32f10x_can.o
    0x08000c48   0x00000038   Code   RO         1154    i.CAN_DeInit        stm32f10x_can.o
    0x08000c80   0x00000108   Code   RO         1156    i.CAN_FilterInit    stm32f10x_can.o
    0x08000d88   0x00000120   Code   RO         1158    i.CAN_GetITStatus   stm32f10x_can.o
    0x08000ea8   0x00000012   Code   RO         1162    i.CAN_ITConfig      stm32f10x_can.o
    0x08000eba   0x00000114   Code   RO         1163    i.CAN_Init          stm32f10x_can.o
    0x08000fce   0x000000f0   Code   RO         1166    i.CAN_Receive       stm32f10x_can.o
    0x080010be   0x00000020   Code   RO         1169    i.CAN_StructInit    stm32f10x_can.o
    0x080010de   0x00000126   Code   RO         1171    i.CAN_Transmit      stm32f10x_can.o
    0x08001204   0x00000040   Code   RO          406    i.CPU_task          start_task.o
    0x08001244   0x000000ec   Code   RO          260    i.Chassis_mode_static  chassis_task.o
    0x08001330   0x0000001c   Code   RO          261    i.Chassis_task      chassis_task.o
    0x0800134c   0x00000012   Code   RO         1174    i.CheckITStatus     stm32f10x_can.o
    0x0800135e   0x00000002   PAD
    0x08001360   0x00000040   Code   RO          351    i.Control_State_Get  state_task.o
    0x080013a0   0x00000024   Code   RO          817    i.DMA2_Channel3_IRQHandler  uart4.o
    0x080013c4   0x00000028   Code   RO          818    i.DMA2_Channel5_IRQHandler  uart4.o
    0x080013ec   0x0000001c   Code   RO         1305    i.DMA_ClearFlag     stm32f10x_dma.o
    0x08001408   0x0000001c   Code   RO         1306    i.DMA_ClearITPendingBit  stm32f10x_dma.o
    0x08001424   0x00000018   Code   RO         1307    i.DMA_Cmd           stm32f10x_dma.o
    0x0800143c   0x0000014c   Code   RO         1308    i.DMA_DeInit        stm32f10x_dma.o
    0x08001588   0x00000008   Code   RO         1309    i.DMA_GetCurrDataCounter  stm32f10x_dma.o
    0x08001590   0x0000002c   Code   RO         1310    i.DMA_GetFlagStatus  stm32f10x_dma.o
    0x080015bc   0x0000002c   Code   RO         1311    i.DMA_GetITStatus   stm32f10x_dma.o
    0x080015e8   0x00000012   Code   RO         1312    i.DMA_ITConfig      stm32f10x_dma.o
    0x080015fa   0x0000003c   Code   RO         1313    i.DMA_Init          stm32f10x_dma.o
    0x08001636   0x00000004   Code   RO         1314    i.DMA_SetCurrDataCounter  stm32f10x_dma.o
    0x0800163a   0x00000002   Code   RO          182    i.DebugMon_Handler  stm32f10x_it.o
    0x0800163c   0x00000116   Code   RO         1437    i.GPIO_Init         stm32f10x_gpio.o
    0x08001752   0x00000002   PAD
    0x08001754   0x00000090   Code   RO         1439    i.GPIO_PinRemapConfig  stm32f10x_gpio.o
    0x080017e4   0x00000004   Code   RO         1444    i.GPIO_ResetBits    stm32f10x_gpio.o
    0x080017e8   0x00000004   Code   RO         1445    i.GPIO_SetBits      stm32f10x_gpio.o
    0x080017ec   0x00000034   Code   RO          459    i.Get_CRC16_Check_Sum  algorithmofcrc.o
    0x08001820   0x00000024   Code   RO          460    i.Get_CRC8_Check_Sum  algorithmofcrc.o
    0x08001844   0x00000004   Code   RO          183    i.HardFault_Handler  stm32f10x_it.o
    0x08001848   0x00000170   Code   RO          819    i.JudgeBuffReceive  uart4.o
    0x080019b8   0x00000038   Code   RO          614    i.LED_Config        led.o
    0x080019f0   0x00000004   Code   RO          184    i.MemManage_Handler  stm32f10x_it.o
    0x080019f4   0x0000001c   Code   RO          352    i.Mode_Switch_task  state_task.o
    0x08001a10   0x00000120   Code   RO          353    i.Motion_Target_Get  state_task.o
    0x08001b30   0x00000002   Code   RO          185    i.NMI_Handler       stm32f10x_it.o
    0x08001b32   0x00000022   Code   RO          692    i.NVIC_Config       nvic.o
    0x08001b54   0x00000070   Code   RO          892    i.NVIC_Init         misc.o
    0x08001bc4   0x00000014   Code   RO          893    i.NVIC_PriorityGroupConfig  misc.o
    0x08001bd8   0x00000028   Code   RO          354    i.Offline_Check_task  state_task.o
    0x08001c00   0x00000080   Code   RO          436    i.PID_Calc          pid.o
    0x08001c80   0x00000020   Code   RO         1546    i.RCC_AHBPeriphClockCmd  stm32f10x_rcc.o
    0x08001ca0   0x00000020   Code   RO         1548    i.RCC_APB1PeriphClockCmd  stm32f10x_rcc.o
    0x08001cc0   0x00000020   Code   RO         1549    i.RCC_APB1PeriphResetCmd  stm32f10x_rcc.o
    0x08001ce0   0x00000020   Code   RO         1550    i.RCC_APB2PeriphClockCmd  stm32f10x_rcc.o
    0x08001d00   0x00000020   Code   RO         1551    i.RCC_APB2PeriphResetCmd  stm32f10x_rcc.o
    0x08001d20   0x0000018c   Code   RO         1558    i.RCC_GetClocksFreq  stm32f10x_rcc.o
    0x08001eac   0x00000008   Code   RO          232    i.SetSysClock       system_stm32f10x_1.o
    0x08001eb4   0x000000e4   Code   RO          233    i.SetSysClockTo72   system_stm32f10x_1.o
    0x08001f98   0x00000008   Code   RO          186    i.SysTick_Handler   stm32f10x_it.o
    0x08001fa0   0x00000050   Code   RO          234    i.SystemInit        system_stm32f10x_1.o
    0x08001ff0   0x00000028   Code   RO          744    i.TIM4_IRQHandler   tim.o
    0x08002018   0x00000060   Code   RO          745    i.TIM4_Init         tim.o
    0x08002078   0x00000060   Code   RO          629    i.TIM6_Configration  delay.o
    0x080020d8   0x0000002c   Code   RO          630    i.TIM6_IRQHandler   delay.o
    0x08002104   0x0000005c   Code   RO          631    i.TIM7_Configration  delay.o
    0x08002160   0x0000002c   Code   RO          632    i.TIM7_IRQHandler   delay.o
    0x0800218c   0x00000006   Code   RO         1810    i.TIM_ClearITPendingBit  stm32f10x_tim.o
    0x08002192   0x00000018   Code   RO         1815    i.TIM_Cmd           stm32f10x_tim.o
    0x080021aa   0x00000022   Code   RO         1836    i.TIM_GetITStatus   stm32f10x_tim.o
    0x080021cc   0x00000012   Code   RO         1840    i.TIM_ITConfig      stm32f10x_tim.o
    0x080021de   0x00000002   PAD
    0x080021e0   0x000000a4   Code   RO         1886    i.TIM_TimeBaseInit  stm32f10x_tim.o
    0x08002284   0x0000018c   Code   RO          820    i.UART4_Configuration  uart4.o
    0x08002410   0x00000128   Code   RO          792    i.USART3_Configuration  usart3.o
    0x08002538   0x00000060   Code   RO          793    i.USART3_IRQHandler  usart3.o
    0x08002598   0x00000018   Code   RO         2351    i.USART_Cmd         stm32f10x_usart.o
    0x080025b0   0x00000012   Code   RO         2352    i.USART_DMACmd      stm32f10x_usart.o
    0x080025c2   0x00000002   PAD
    0x080025c4   0x0000009c   Code   RO         2353    i.USART_DeInit      stm32f10x_usart.o
    0x08002660   0x00000054   Code   RO         2355    i.USART_GetITStatus  stm32f10x_usart.o
    0x080026b4   0x0000004a   Code   RO         2357    i.USART_ITConfig    stm32f10x_usart.o
    0x080026fe   0x00000002   PAD
    0x08002700   0x000000d8   Code   RO         2358    i.USART_Init        stm32f10x_usart.o
    0x080027d8   0x00000004   Code   RO          187    i.UsageFault_Handler  stm32f10x_it.o
    0x080027dc   0x00000040   Code   RO          461    i.Verify_CRC16_Check_Sum  algorithmofcrc.o
    0x0800281c   0x00000038   Code   RO          462    i.Verify_CRC8_Check_Sum  algorithmofcrc.o
    0x08002854   0x00000028   Code   RO         4837    i.__0sprintf$3      mc_w.l(printf3.o)
    0x0800287c   0x0000000e   Code   RO         5071    i.__scatterload_copy  mc_w.l(handlers.o)
    0x0800288a   0x00000002   Code   RO         5072    i.__scatterload_null  mc_w.l(handlers.o)
    0x0800288c   0x0000000e   Code   RO         5073    i.__scatterload_zeroinit  mc_w.l(handlers.o)
    0x0800289a   0x00000002   PAD
    0x0800289c   0x000001b8   Code   RO         4842    i._printf_core      mc_w.l(printf3.o)
    0x08002a54   0x0000000a   Code   RO         4844    i._sputc            mc_w.l(printf3.o)
    0x08002a5e   0x00000002   PAD
    0x08002a60   0x00000130   Code   RO          262    i.chassis_cal       chassis_task.o
    0x08002b90   0x000000cc   Code   RO          562    i.chassis_current_send  can2.o
    0x08002c5c   0x00000010   Code   RO          263    i.chassis_power_off  chassis_task.o
    0x08002c6c   0x00000540   Code   RO          264    i.chassis_task      chassis_task.o
    0x080031ac   0x00000050   Code   RO          265    i.chassis_vel_pid_init  chassis_task.o
    0x080031fc   0x0000002c   Code   RO          633    i.delay_ms          delay.o
    0x08003228   0x0000006c   Code   RO         4260    i.eTaskGetState     tasks.o
    0x08003294   0x0000000c   Code   RO          563    i.get_gz            can2.o
    0x080032a0   0x0000000c   Code   RO          564    i.get_yaw_angle     can2.o
    0x080032ac   0x00000088   Code   RO          707    i.key_refresh       remote.o
    0x08003334   0x00000048   Code   RO          708    i.key_rising_check  remote.o
    0x0800337c   0x00000016   Code   RO           11    i.main              main.o
    0x08003392   0x00000002   PAD
    0x08003394   0x000000b8   Code   RO          356    i.offline_detect    state_task.o
    0x0800344c   0x00000098   Code   RO         4262    i.prvAddCurrentTaskToDelayedList  tasks.o
    0x080034e4   0x000000b8   Code   RO         4263    i.prvAddNewTaskToReadyList  tasks.o
    0x0800359c   0x00000064   Code   RO         4264    i.prvCheckTasksWaitingTermination  tasks.o
    0x08003600   0x00000012   Code   RO         4265    i.prvDeleteTCB      tasks.o
    0x08003612   0x00000002   PAD
    0x08003614   0x0000007c   Code   RO         4613    i.prvHeapInit       heap_4.o
    0x08003690   0x00000028   Code   RO         4266    i.prvIdleTask       tasks.o
    0x080036b8   0x00000090   Code   RO         4267    i.prvInitialiseNewTask  tasks.o
    0x08003748   0x00000068   Code   RO         4268    i.prvInitialiseTaskLists  tasks.o
    0x080037b0   0x00000068   Code   RO         4614    i.prvInsertBlockIntoFreeList  heap_4.o
    0x08003818   0x0000006a   Code   RO         4269    i.prvListTasksWithinSingleList  tasks.o
    0x08003882   0x00000002   PAD
    0x08003884   0x00000034   Code   RO         4270    i.prvResetNextTaskUnblockTime  tasks.o
    0x080038b8   0x00000016   Code   RO         4271    i.prvTaskCheckFreeStackSpace  tasks.o
    0x080038ce   0x00000016   Code   RO         4663    i.prvTaskExitError  port.o
    0x080038e4   0x0000002a   Code   RO         4273    i.prvWriteNameToBuffer  tasks.o
    0x0800390e   0x00000002   PAD
    0x08003910   0x000000d0   Code   RO         4615    i.pvPortMalloc      heap_4.o
    0x080039e0   0x00000024   Code   RO         4664    i.pxPortInitialiseStack  port.o
    0x08003a04   0x00000048   Code   RO          709    i.rc_reset          remote.o
    0x08003a4c   0x00000148   Code   RO          710    i.remote_receive    remote.o
    0x08003b94   0x0000002c   Code   RO          407    i.startTast         start_task.o
    0x08003bc0   0x000000d4   Code   RO          408    i.start_task        start_task.o
    0x08003c94   0x0000000c   Code   RO          357    i.switch_mode       state_task.o
    0x08003ca0   0x00000028   Code   RO         4059    i.uxListRemove      list.o
    0x08003cc8   0x00000028   Code   RO         4276    i.uxTaskGetStackHighWaterMark  tasks.o
    0x08003cf0   0x000000b8   Code   RO         4277    i.uxTaskGetSystemState  tasks.o
    0x08003da8   0x0000001a   Code   RO         4060    i.vListInitialise   list.o
    0x08003dc2   0x00000006   Code   RO         4061    i.vListInitialiseItem  list.o
    0x08003dc8   0x00000034   Code   RO         4062    i.vListInsert       list.o
    0x08003dfc   0x00000018   Code   RO         4063    i.vListInsertEnd    list.o
    0x08003e14   0x00000024   Code   RO         4666    i.vPortEnterCritical  port.o
    0x08003e38   0x00000020   Code   RO         4667    i.vPortExitCritical  port.o
    0x08003e58   0x00000048   Code   RO         4616    i.vPortFree         heap_4.o
    0x08003ea0   0x00000020   Code   RO         4668    i.vPortSetupTimerInterrupt  port.o
    0x08003ec0   0x00000034   Code   RO         4282    i.vTaskDelay        tasks.o
    0x08003ef4   0x000000cc   Code   RO         4284    i.vTaskDelete       tasks.o
    0x08003fc0   0x00000078   Code   RO         4286    i.vTaskGetInfo      tasks.o
    0x08004038   0x000000d4   Code   RO         4287    i.vTaskGetRunTimeStats  tasks.o
    0x0800410c   0x000000e0   Code   RO         4288    i.vTaskList         tasks.o
    0x080041ec   0x0000006c   Code   RO         4297    i.vTaskStartScheduler  tasks.o
    0x08004258   0x00000010   Code   RO         4299    i.vTaskSuspendAll   tasks.o
    0x08004268   0x000000a0   Code   RO         4300    i.vTaskSwitchContext  tasks.o
    0x08004308   0x00000034   Code   RO         4669    i.xPortStartScheduler  port.o
    0x0800433c   0x00000034   Code   RO         4670    i.xPortSysTickHandler  port.o
    0x08004370   0x00000060   Code   RO         4302    i.xTaskCreate       tasks.o
    0x080043d0   0x0000011c   Code   RO         4308    i.xTaskIncrementTick  tasks.o
    0x080044ec   0x000000e8   Code   RO         4313    i.xTaskResumeAll    tasks.o
    0x080045d4   0x00000014   Data   RO          235    .constdata          system_stm32f10x_1.o
    0x080045e8   0x00000301   Data   RO          463    .constdata          algorithmofcrc.o
    0x080048e9   0x00000003   PAD
    0x080048ec   0x00000020   Data   RO         5069    Region$$Table       anon$$obj.o


    Execution Region RW_IRAM1 (Base: 0x20000000, Size: 0x00004f80, Max: 0x00010000, ABSOLUTE, COMPRESSED[0x00000034])

    Base Addr    Size         Type   Attr      Idx    E Section Name        Object

    0x20000000   0x00000088   Data   RW          269    .data               chassis_task.o
    0x20000088   0x0000000c   Data   RW          359    .data               state_task.o
    0x20000094   0x00000018   Data   RW          409    .data               start_task.o
    0x200000ac   0x00000004   Data   RW          464    .data               algorithmofcrc.o
    0x200000b0   0x00000017   Data   RW          511    .data               can1.o
    0x200000c7   0x00000001   PAD
    0x200000c8   0x00000008   Data   RW          566    .data               can2.o
    0x200000d0   0x00000008   Data   RW          635    .data               delay.o
    0x200000d8   0x0000001a   Data   RW          712    .data               remote.o
    0x200000f2   0x00000002   PAD
    0x200000f4   0x00000004   Data   RW          746    .data               tim.o
    0x200000f8   0x00000004   Data   RW          795    .data               usart3.o
    0x200000fc   0x00000014   Data   RW         1586    .data               stm32f10x_rcc.o
    0x20000110   0x00000044   Data   RW         4316    .data               tasks.o
    0x20000154   0x00000018   Data   RW         4621    .data               heap_4.o
    0x2000016c   0x00000004   Data   RW         4671    .data               port.o
    0x20000170   0x0000002c   Zero   RW           12    .bss                main.o
    0x2000019c   0x000000d0   Zero   RW          268    .bss                chassis_task.o
    0x2000026c   0x00000028   Zero   RW          510    .bss                can1.o
    0x20000294   0x00000064   Zero   RW          565    .bss                can2.o
    0x200002f8   0x00000064   Zero   RW          711    .bss                remote.o
    0x2000035c   0x00000012   Zero   RW          794    .bss                usart3.o
    0x2000036e   0x00000002   PAD
    0x20000370   0x00000128   Zero   RW          821    .bss                uart4.o
    0x20000498   0x000002e4   Zero   RW         4315    .bss                tasks.o
    0x2000077c   0x00004400   Zero   RW         4620    .bss                heap_4.o
    0x20004b7c   0x00000004   PAD
    0x20004b80   0x00000400   Zero   RW            1    STACK               startup_stm32f10x_cl.o


==============================================================================

Image component sizes


      Code (inc. data)   RO Data    RW Data    ZI Data      Debug   Object Name

       208         22        769          4          0       3309   algorithmofcrc.o
       680         50          0         23         40       2987   can1.o
       956         70          0          8        100       4364   can2.o
      2008        152          0        136        208     240002   chassis_task.o
       320         38          0          8          0       2565   delay.o
         0          0          0          0          0       1508   event_groups.o
       508         62          0         24      17408       3523   heap_4.o
        56          6          0          0          0        425   led.o
       148          0          0          0          0       2858   list.o
       138         34          0          0         44     299031   main.o
       132         22          0          0          0       1359   misc.o
        34          0          0          0          0        566   nvic.o
       128          0          0          0          0       1227   pid.o
       412         50          0          4          0       8604   port.o
       608         42          0         26        100       3307   remote.o
       320        130          0         24          0       1793   start_task.o
        36          8        336          0       1024        796   startup_stm32f10x_cl.o
       616         40          0         12          0       3795   state_task.o
      1654         22          0          0          0       6756   stm32f10x_can.o
       590         44          0          0          0       6733   stm32f10x_dma.o
       430          6          0          0          0       3562   stm32f10x_gpio.o
        28          0          0          0          0       2775   stm32f10x_it.o
       556         52          0         20          0       6496   stm32f10x_rcc.o
       246         42          0          0          0       3198   stm32f10x_tim.o
       572         28          0          0          0       5208   stm32f10x_usart.o
       316         20         20          0          0       2137   system_stm32f10x_1.o
      3004        428          0         68        740      27218   tasks.o
       136         12          0          4          0       1328   tim.o
       840         48          0          0        296       2978   uart4.o
       392         40          0          4         18       1620   usart3.o

    ----------------------------------------------------------------------
     16092       1468       1160        368      19984     652028   Object Totals
         0          0         32          0          0          0   (incl. Generated)
        20          0          3          3          6          0   (incl. Padding)

    ----------------------------------------------------------------------

      Code (inc. data)   RO Data    RW Data    ZI Data      Debug   Library Member Name

        86          0          0          0          0          0   __dczerorl2.o
         0          0          0          0          0          0   entry.o
         0          0          0          0          0          0   entry10a.o
         0          0          0          0          0          0   entry11a.o
         8          4          0          0          0          0   entry2.o
         4          0          0          0          0          0   entry5.o
         0          0          0          0          0          0   entry7b.o
         0          0          0          0          0          0   entry8b.o
         8          4          0          0          0          0   entry9a.o
        30          0          0          0          0          0   handlers.o
        36          8          0          0          0         68   init.o
         0          0          0          0          0          0   iusefp.o
        36          0          0          0          0         68   memcpya.o
        36          0          0          0          0        108   memseta.o
       490         10          0          0          0        252   printf3.o
        18          0          0          0          0         68   strcpy.o
        14          0          0          0          0         68   strlen.o
        44          0          0          0          0         80   uidiv.o
        20          0          0          0          0         68   cfcmple.o
        20          0          0          0          0         68   cfrcmple.o
       176          0          0          0          0        140   fadd.o
       124          0          0          0          0         88   fdiv.o
       110          0          0          0          0        168   fepilogue.o
        50          0          0          0          0         68   ffixi.o
        18          0          0          0          0         68   fflti.o
        10          0          0          0          0         68   ffltui.o
       100          0          0          0          0         76   fmul.o

    ----------------------------------------------------------------------
      1448         26          0          0          0       1524   Library Totals
        10          0          0          0          0          0   (incl. Padding)

    ----------------------------------------------------------------------

      Code (inc. data)   RO Data    RW Data    ZI Data      Debug   Library Name

       810         26          0          0          0        712   mc_w.l
       628          0          0          0          0        812   mf_w.l

    ----------------------------------------------------------------------
      1448         26          0          0          0       1524   Library Totals

    ----------------------------------------------------------------------

==============================================================================


      Code (inc. data)   RO Data    RW Data    ZI Data      Debug   

     17540       1494       1160        368      19984     645620   Grand Totals
     17540       1494       1160         52      19984     645620   ELF Image Totals (compressed)
     17540       1494       1160         52          0          0   ROM Totals

==============================================================================

    Total RO  Size (Code + RO Data)                18700 (  18.26kB)
    Total RW  Size (RW Data + ZI Data)             20352 (  19.88kB)
    Total ROM Size (Code + RO Data + RW Data)      18752 (  18.31kB)

==============================================================================

